 bloodfrontier_client

 Timestamp is 4703def5 (Wed Oct 03 11:27:01 2007)

 Preferred load address is 00400000

 Start         Length     Name                   Class
 0001:00000000 00073cfbH .text                   CODE
 0001:00073cfb 0000215eH .text$x                 CODE
 0001:00075e59 000047d8H .text$yc                CODE
 0001:0007a631 00000b14H .text$yd                CODE
 0002:00000000 00000530H .idata$5                DATA
 0002:00000530 00000004H .CRT$XCA                DATA
 0002:00000534 00000004H .CRT$XCAA               DATA
 0002:00000538 000008a8H .CRT$XCU                DATA
 0002:00000de0 00000004H .CRT$XCZ                DATA
 0002:00000de4 00000004H .CRT$XIA                DATA
 0002:00000de8 00000004H .CRT$XIAA               DATA
 0002:00000dec 00000004H .CRT$XIC                DATA
 0002:00000df0 00000004H .CRT$XIY                DATA
 0002:00000df4 00000004H .CRT$XIZ                DATA
 0002:00000e00 00009e50H .rdata                  DATA
 0002:0000ac50 00000067H .rdata$debug            DATA
 0002:0000acb8 00002e98H .rdata$r                DATA
 0002:0000db50 00000304H .rdata$sxdata           DATA
 0002:0000de54 00000004H .rtc$IAA                DATA
 0002:0000de58 00000004H .rtc$IZZ                DATA
 0002:0000de5c 00000004H .rtc$TAA                DATA
 0002:0000de60 00000004H .rtc$TZZ                DATA
 0002:0000de68 00002eacH .xdata$x                DATA
 0002:00010d14 000000f0H .idata$2                DATA
 0002:00010e04 00000014H .idata$3                DATA
 0002:00010e18 00000530H .idata$4                DATA
 0002:00011348 00001222H .idata$6                DATA
 0002:0001256a 00000000H .edata                  DATA
 0003:00000000 00044030H .data                   DATA
 0003:00044030 001728b4H .bss                    DATA
 0004:00000000 000000e4H .rsrc$01                DATA
 0004:000000f0 00000bb8H .rsrc$02                DATA

  Address         Publics by Value              Rva+Base       Lib:Object

 0000:00000000       __except_list              00000000     <absolute>
 0000:000000c1       ___safe_se_handler_count   000000c1     <absolute>
 0000:00009876       __fltused                  00009876     <absolute>
 0000:00009876       __ldused                   00009876     <absolute>
 0000:00000000       ___ImageBase               00400000     <linker-defined>
 0001:00000000       _cosf                      00401000 f i shadowmap.obj
 0001:0000001a       _sinf                      0040101a f i shadowmap.obj
 0001:00000034       _sqrtf                     00401034 f i shadowmap.obj
 0001:0000004e       ?formatstring@@YAXPADPBD0@Z 0040104e f i shadowmap.obj
 0001:0000006d       ??Rs_sprintf_f@@QAAXPBDZZ  0040106d f i shadowmap.obj
 0001:00000086       ?squaredlen@vec@@QBEMXZ    00401086 f i shadowmap.obj
 0001:000000ac       ?mul@vec@@QAEAAU1@M@Z      004010ac f i shadowmap.obj
 0001:000000cb       ?rotate_around_z@vec@@QAEXM@Z 004010cb f i shadowmap.obj
 0001:00000131       ??_H@YGXPAXIHP6EPAX0@Z@Z   00401131 f i shadowmap.obj
 0001:0000014a       ?set@Shader@@QAEXPAUSlot@@@Z 0040114a f i shadowmap.obj
 0001:0000018f       ?cleanshadowmap@@YAXXZ     0040118f f   shadowmap.obj
 0001:0000021b       ?var_fpshadowmap@@YAXXZ    0040121b f   shadowmap.obj
 0001:0000021b       ?var_shadowmapsize@@YAXXZ  0040121b f   shadowmap.obj
 0001:0000021b       ?var_shadowmapprecision@@YAXXZ 0040121b f   shadowmap.obj
 0001:00000220       ?createshadowmap@@YAXXZ    00401220 f   shadowmap.obj
 0001:0000049e       ?var_blursmsigma@@YAXXZ    0040149e f   shadowmap.obj
 0001:0000049e       ?var_blurshadowmap@@YAXXZ  0040149e f   shadowmap.obj
 0001:000004a3       ?setupblurkernel@@YAXXZ    004014a3 f   shadowmap.obj
 0001:00000577       ?pushshadowmap@@YAXXZ      00401577 f   shadowmap.obj
 0001:000006a7       ?adjustshadowmatrix@@YAXABUivec@@M@Z 004016a7 f   shadowmap.obj
 0001:0000072e       ?isshadowmapcaster@@YA_NABUvec@@M@Z 0040172e f   shadowmap.obj
 0001:0000085a       ?calcshadowmapbb@@YAXABUvec@@MMAAM111@Z 0040185a f   shadowmap.obj
 0001:00000a21       ?addshadowmapcaster@@YA_NABUvec@@MM@Z 00401a21 f   shadowmap.obj
 0001:00000d0a       ?isshadowmapreceiver@@YA_NPAUvtxarray@@@Z 00401d0a f   shadowmap.obj
 0001:00000fb3       ?rendershadowmapcasters@@YAXXZ 00401fb3 f   shadowmap.obj
 0001:0000108d       ?var_shadowmapangle@@YAXXZ 0040208d f   shadowmap.obj
 0001:000010d4       ?rendershadowmap@@YAXXZ    004020d4 f   shadowmap.obj
 0001:00001b44       ?viewshadowmap@@YAXXZ      00402b44 f   shadowmap.obj
 0001:00001ec9       ?create_ent@cubeloader@@QAEXAAUc_persistent_entity@1@@Z 00402ec9 f i cubeloader.obj
 0001:00002014       ?getcube@cubeloader@@QAEAAUcube@@HHH@Z 00403014 f i cubeloader.obj
 0001:00002055       ?neighbours@cubeloader@@QAEHAAUc_sqr@1@@Z 00403055 f i cubeloader.obj
 0001:0000208c       ?preprocess_cubes@cubeloader@@QAEXXZ 0040308c f i cubeloader.obj
 0001:0000210b       ?getfloorceil@cubeloader@@QAEHAAUc_sqr@1@AAH1@Z 0040310b f i cubeloader.obj
 0001:0000216c       ?boundingbox@cubeloader@@QAEXXZ 0040316c f i cubeloader.obj
 0001:00002214       ?hf@cubeloader@@QAEXHHHHHH@Z 00403214 f i cubeloader.obj
 0001:00002299       ?cornersolid@cubeloader@@QAE_NHPAUc_sqr@1@@Z 00403299 f i cubeloader.obj
 0001:000022b7       ?create_cubes@cubeloader@@QAEXXZ 004032b7 f i cubeloader.obj
 0001:00002638       ?load_cube_world@cubeloader@@QAEXPAD@Z 00403638 f i cubeloader.obj
 0001:00002ac1       ?importcube@@YAXPAD@Z      00403ac1 f   cubeloader.obj
 0001:00002af8       ??8vec@@QBE_NABU0@@Z       00403af8 f i lightmap.obj
 0001:00002b2a       ?iszero@vec@@QBE_NXZ       00403b2a f i lightmap.obj
 0001:00002b52       ?dot@vec@@QBEMABU1@@Z      00403b52 f i lightmap.obj
 0001:00002b72       ?div@vec@@QAEAAU1@M@Z      00403b72 f i lightmap.obj
 0001:00002b91       ?normalize@vec@@QAEAAU1@XZ 00403b91 f i lightmap.obj
 0001:00002bae       ?cross@vec@@QAEAAU1@ABU1@0@Z 00403bae f i lightmap.obj
 0001:00002bdd       ?orthonormalize@matrix@@QAEXXZ 00403bdd f i lightmap.obj
 0001:00002ccc       ??0bvec@@QAE@XZ            00403ccc f i normal.obj
 0001:00002ccc       ??0plane@@QAE@XZ           00403ccc f i lightmap.obj
 0001:00002ccf       ??0ivec@@QAE@HHHHH@Z       00403ccf f i lightmap.obj
 0001:00002d05       ??0bvec@@QAE@ABUvec@@@Z    00403d05 f i lightmap.obj
 0001:00002d49       ?tovec@vvec@@QBE?AUvec@@XZ 00403d49 f i lightmap.obj
 0001:00002da7       ?tovec@vvec@@QBE?AUvec@@HHH@Z 00403da7 f i lightmap.obj
 0001:00002dee       ??0PackNode@@QAE@GGGG@Z    00403dee f i lightmap.obj
 0001:00002e27       ?clear@PackNode@@QAEXXZ    00403e27 f i lightmap.obj
 0001:00002e5e       ??1PackNode@@QAE@XZ        00403e5e f i lightmap.obj
 0001:00002e63       ??0LightMap@@QAE@XZ        00403e63 f i lightmap.obj
 0001:00002ee6       ?boundbox@model@@QAEXHAAUvec@@0PAUmodelattach@@@Z 00403ee6 f i lightmap.obj
 0001:00002f6a       ?above@model@@QAEMH@Z      00403f6a f i lightmap.obj
 0001:00002f8f       ?var_lightprecision@@YAXXZ 00403f8f f   lightmap.obj
 0001:00002f9a       ?var_lighterror@@YAXXZ     00403f9a f   lightmap.obj
 0001:00002fa5       ?var_bumperror@@YAXXZ      00403fa5 f   lightmap.obj
 0001:00002fb0       ?var_lightlod@@YAXXZ       00403fb0 f   lightmap.obj
 0001:00002fbb       ?var_worldlod@@YAXXZ       00403fbb f   lightmap.obj
 0001:00002fc6       ?var_ambient@@YAXXZ        00403fc6 f   lightmap.obj
 0001:00002fd1       ?skylight@@YAXPAH00@Z      00403fd1 f   lightmap.obj
 0001:00002fff       ?check_calclight_canceled@@YAXXZ 00403fff f   lightmap.obj
 0001:0000303c       ?show_calclight_progress@@YAXXZ 0040403c f   lightmap.obj
 0001:0000321c       ?insert@PackNode@@QAE_NAAG0GG@Z 0040421c f   lightmap.obj
 0001:00003409       ?insert@LightMap@@QAE_NAAG0PAEGG@Z 00404409 f   lightmap.obj
 0001:00003491       ?insert_unlit@@YAXH@Z      00404491 f   lightmap.obj
 0001:0000353d       ?insert_lightmap@@YAXHAAG00@Z 0040453d f   lightmap.obj
 0001:00003789       ?pack_lightmap@@YAXHAAUsurfaceinfo@@@Z 00404789 f   lightmap.obj
 0001:00003850       ?generate_lumel@@YAXMABU?$vector@PBUextentity@@@@ABUvec@@1AAU2@HH@Z 00404850 f   lightmap.obj
 0001:00003d58       ?lumel_sample@@YA_NABUvec@@HH@Z 00404d58 f   lightmap.obj
 0001:00003f23       ?calcskylight@@YAXABUvec@@0MPAEH@Z 00404f23 f   lightmap.obj
 0001:000047e0       ?blurlightmap@@YAXH@Z      004057e0 f   lightmap.obj
 0001:00004946       ?generate_lightmap@@YA_NMHHABUvec@@PBUlerpvert@@H00@Z 00405946 f   lightmap.obj
 0001:000058ea       ?clear_lmids@@YAXPAUcube@@@Z 004068ea f   lightmap.obj
 0001:00005929       ??0lightcacheentry@@QAE@XZ 00406929 f i lightmap.obj
 0001:00005957       ??1lightcacheentry@@QAE@XZ 00406957 f i lightmap.obj
 0001:0000597d       ?var_lightcachesize@@YAXXZ 0040697d f   lightmap.obj
 0001:00005985       ?clearlightcache@@YAXH@Z   00406985 f   lightmap.obj
 0001:00005aec       ?checklightcache@@YAABU?$vector@H@@HH@Z 00406aec f   lightmap.obj
 0001:00005d6e       ?find_lights@@YA_NHHHHQAUplane@@H@Z 00406d6e f   lightmap.obj
 0001:00005e79       ?setup_surface@@YA_NQAUplane@@PBUvec@@11QAE@Z 00406e79 f   lightmap.obj
 0001:00006af8       ?setup_surfaces@@YAXAAUcube@@HHHH_N@Z 00407af8 f   lightmap.obj
 0001:000070a1       ?generate_lightmaps@@YAXPAUcube@@HHHH@Z 004080a1 f   lightmap.obj
 0001:00007163       ?resetlightmaps@@YAXXZ     00408163 f   lightmap.obj
 0001:000071bc       ?setlightmapquality@@YA_NH@Z 004081bc f   lightmap.obj
 0001:00007251       ?calclight@@YAXPAH@Z       00408251 f   lightmap.obj
 0001:00007420       ?patchlight@@YAXPAH@Z      00408420 f   lightmap.obj
 0001:000075e4       ?alloctexids@@YAXXZ        004085e4 f   lightmap.obj
 0001:00007683       ?clearlights@@YAXXZ        00408683 f   lightmap.obj
 0001:00007788       ?lightent@@YAXAAUextentity@@M@Z 00408788 f   lightmap.obj
 0001:0000781b       ?convert_lightmap@@YAXAAULightMap@@0@Z 0040881b f   lightmap.obj
 0001:000078de       ?var_fullbright@@YAXXZ     004088de f   lightmap.obj
 0001:000078de       ?var_convertlms@@YAXXZ     004088de f   lightmap.obj
 0001:00007a26       ?initlights@@YAXXZ         00408a26 f   lightmap.obj
 0001:00007c30       ?lightreaching@@YAXABUvec@@AAU1@1PAUextentity@@M@Z 00408c30 f   lightmap.obj
 0001:00008260       ?brightestlight@@YAPAUentity@@ABUvec@@0@Z 00409260 f   lightmap.obj
 0001:000084f2       ?brightencube@@YAXAAUcube@@@Z 004094f2 f   lightmap.obj
 0001:00008524       ?newsurfaces@@YAXAAUcube@@@Z 00409524 f   lightmap.obj
 0001:00008564       ?freesurfaces@@YAXAAUcube@@@Z 00409564 f   lightmap.obj
 0001:00008589       ?dumplms@@YAXXZ            00409589 f   lightmap.obj
 0001:00008696       ?add@?$vector@ULightMap@@@@QAEAAULightMap@@XZ 00409696 f i lightmap.obj
 0001:000086f9       ?setsize@?$vector@ULightMap@@@@QAEXH@Z 004096f9 f i lightmap.obj
 0001:0000873f       ?clear@?$hashtable@Ucompresskey@@Ucompressval@@@@QAEXXZ 0040973f f i lightmap.obj
 0001:0000878e       ?vrealloc@?$vector@ULightMap@@@@QAEXXZ 0040978e f i lightmap.obj
 0001:000087e1       ?find@?$hashtable@Ucompresskey@@Ucompressval@@@@QAEPAUchain@1@ABUcompresskey@@_N@Z 004097e1 f i lightmap.obj
 0001:00008884       ?insert@?$hashtable@Ucompresskey@@Ucompressval@@@@QAEPAUchain@1@ABUcompresskey@@I@Z 00409884 f i lightmap.obj
 0001:0000892b       ?ceil@@YAMM@Z              0040992b f i lightmap.obj
 0001:00008946       ?fabs@@YAMM@Z              00409946 f i lightmap.obj
 0001:00008960       ??9vec@@QBE_NABU0@@Z       00409960 f i normal.obj
 0001:00008992       ??8ivec@@QBE_NABU0@@Z      00409992 f i normal.obj
 0001:000089af       ??0nvec@@QAE@ABUvec@@@Z    004099af f i normal.obj
 0001:000089f4       ?tovec@nvec@@QBE?AUvec@@XZ 004099f4 f i normal.obj
 0001:00008a3b       ??0nkey@@QAE@ABUivec@@ABUvvec@@@Z 00409a3b f i normal.obj
 0001:00008a7f       ?var_lerpangle@@YAXXZ      00409a7f f   normal.obj
 0001:00008a8a       ?addnormal@@YAXABUivec@@HABUvvec@@ABUvec@@@Z 00409a8a f   normal.obj
 0001:00008be4       ?findnormal@@YA_NABUivec@@HABUvvec@@AAUvec@@H@Z 00409be4 f   normal.obj
 0001:00008ccd       ?show_calcnormals_progress@@YAXXZ 00409ccd f   normal.obj
 0001:00008d0f       ?addnormals@@YAXAAUcube@@ABUivec@@H@Z 00409d0f f   normal.obj
 0001:000090f3       ?calcnormals@@YAXXZ        0040a0f3 f   normal.obj
 0001:00009177       ?calclerpverts@@YAXABUvec@@PBU1@100PAUlerpvert@@AAH@Z 0040a177 f   normal.obj
 0001:000092b6       ?setlerpstep@@YAXMAAUlerpbounds@@@Z 0040a2b6 f   normal.obj
 0001:000093d8       ?initlerpbounds@@YAXPBUlerpvert@@HAAUlerpbounds@@1@Z 0040a3d8 f   normal.obj
 0001:000094b1       ?updatelerpbounds@@YAXMPBUlerpvert@@HAAUlerpbounds@@1@Z 0040a4b1 f   normal.obj
 0001:00009547       ?lerpnormal@@YAXMPBUlerpvert@@HAAUlerpbounds@@1AAUvec@@2@Z 0040a547 f   normal.obj
 0001:000096b0       ?newnormals@@YAXAAUcube@@@Z 0040a6b0 f   normal.obj
 0001:0000973e       ?freenormals@@YAXAAUcube@@@Z 0040a73e f   normal.obj
 0001:0000975b       ?add@?$vector@Unormal@@@@QAEAAUnormal@@ABU2@@Z 0040a75b f i normal.obj
 0001:00009792       ?clear@?$hashtable@Unkey@@Unval@@@@QAEXXZ 0040a792 f i normal.obj
 0001:0000980f       ??1chain@?$hashtable@Unkey@@Unval@@@@QAE@XZ 0040a80f f i normal.obj
 0001:00009833       ?vrealloc@?$vector@Unormal@@@@QAEXXZ 0040a833 f i normal.obj
 0001:00009879       ?find@?$hashtable@Unkey@@Unval@@@@QAEPAUchain@1@ABUnkey@@_N@Z 0040a879 f i normal.obj
 0001:000098c4       ?insert@?$hashtable@Unkey@@Unval@@@@QAEPAUchain@1@ABUnkey@@I@Z 0040a8c4 f i normal.obj
 0001:0000998b       ??0chain@?$hashtable@Unkey@@Unval@@@@QAE@XZ 0040a98b f i normal.obj
 0001:000099c4       ??8plane@@QBE_NABU0@@Z     0040a9c4 f i octa.obj
 0001:00009a05       ?toplane@plane@@QAE_NABUvec@@00@Z 0040aa05 f i octa.obj
 0001:00009aaa       ??0ivec@@QAE@HHHH@Z        0040aaaa f i octa.obj
 0001:00009ad9       ?mul@ivec@@QAEAAU1@H@Z     0040aad9 f i octa.obj
 0001:00009afb       ?cross@ivec@@QAEAAU1@ABU1@0@Z 0040aafb f i octa.obj
 0001:00009b34       ??0vvec@@QAE@HHH@Z         0040ab34 f i octa.obj
 0001:00009b63       ?newcubeext@@YAPAUcubeext@@AAUcube@@@Z 0040ab63 f   octa.obj
 0001:00009bb5       ?newcubes@@YAPAUcube@@I@Z  0040abb5 f   octa.obj
 0001:00009bfc       ?familysize@@YAHAAUcube@@@Z 0040abfc f   octa.obj
 0001:00009c2a       ?freeocta@@YAXPAUcube@@@Z  0040ac2a f   octa.obj
 0001:00009c60       ?discardchildren@@YAXAAUcube@@@Z 0040ac60 f   octa.obj
 0001:00009cd5       ?getcubevector@@YAXAAUcube@@HHHHAAUivec@@@Z 0040acd5 f   octa.obj
 0001:00009d41       ?setcubevector@@YAXAAUcube@@HHHHAAUivec@@@Z 0040ad41 f   octa.obj
 0001:00009de0       ?optiface@@YAXPAEAAUcube@@@Z 0040ade0 f   octa.obj
 0001:00009e0b       ?printcube@@YAXXZ          0040ae0b f   octa.obj
 0001:00009e76       ?isvalidcube@@YA_NAAUcube@@@Z 0040ae76 f   octa.obj
 0001:00009eeb       ?validatec@@YAXPAUcube@@H@Z 0040aeeb f   octa.obj
 0001:00009f80       ?lookupcube@@YAAAUcube@@HHHH@Z 0040af80 f   octa.obj
 0001:0000a025       ?neighbourcube@@YAAAUcube@@HHHHHH@Z 0040b025 f   octa.obj
 0001:0000a05e       ?octantrectangleoverlap@@YAEABUivec@@H00@Z 0040b05e f   octa.obj
 0001:0000a0be       ?getmippedtexture@@YAHAAUcube@@H@Z 0040b0be f   octa.obj
 0001:0000a1d4       ?forcemip@@YAXAAUcube@@@Z  0040b1d4 f   octa.obj
 0001:0000a2b5       ?midedge@@YAHABUivec@@0HHAA_N@Z 0040b2b5 f   octa.obj
 0001:0000a3df       ?subdividecube@@YA_NAAUcube@@_N1@Z 0040b3df f   octa.obj
 0001:0000a7f3       ?visibleorient@@YAHAAUcube@@H@Z 0040b7f3 f   octa.obj
 0001:0000a87d       ?remip@@YA_NAAUcube@@HHHH@Z 0040b87d f   octa.obj
 0001:0000ab40       ?mpremip@@YAX_N@Z          0040bb40 f   octa.obj
 0001:0000abf8       ?remip_@@YAXXZ             0040bbf8 f   octa.obj
 0001:0000ac09       ?edgelookup@@YAAAEAAUcube@@ABUivec@@H@Z 0040bc09 f   octa.obj
 0001:0000ac34       ?edgeval@@YAHAAUcube@@ABUivec@@HH@Z 0040bc34 f   octa.obj
 0001:0000ac50       ?genvertp@@YAXAAUcube@@AAUivec@@11AAUplane@@@Z 0040bc50 f   octa.obj
 0001:0000ad34       ?threeplaneintersect@@YA_NAAUplane@@00AAUvec@@@Z 0040bd34 f   octa.obj
 0001:0000ae4e       ?genedgespanvert@@YAXAAUivec@@AAUcube@@AAUvec@@@Z 0040be4e f   octa.obj
 0001:0000b062       ?edgespan2vectorcube@@YAXAAUcube@@@Z 0040c062 f   octa.obj
 0001:0000b1de       ?genvectorvert@@YAXABUivec@@AAUcube@@AAU1@@Z 0040c1de f   octa.obj
 0001:0000b215       ?touchingface@@YA_NAAUcube@@H@Z 0040c215 f   octa.obj
 0001:0000b23d       ?faceconvexity@@YAHAAUcube@@H@Z 0040c23d f   octa.obj
 0001:0000b30a       ?faceverts@@YAHAAUcube@@HH@Z 0040c30a f   octa.obj
 0001:0000b334       ?faceedges@@YAIAAUcube@@H@Z 0040c334 f   octa.obj
 0001:0000b35d       ?genfacevecs@@YAXAAUcube@@HABUivec@@H_NPAUfacevec@@@Z 0040c35d f   octa.obj
 0001:0000b43b       ?clipfacevecy@@YAHABUfacevec@@0HHHAAU1@@Z 0040c43b f   octa.obj
 0001:0000b489       ?clipfacevecx@@YAHABUfacevec@@0HHHAAU1@@Z 0040c489 f   octa.obj
 0001:0000b4d7       ?clipfacevec@@YAHABUfacevec@@0HHHPAU1@@Z 0040c4d7 f   octa.obj
 0001:0000b5a7       ?insideface@@YA_NPBUfacevec@@H0@Z 0040c5a7 f   octa.obj
 0001:0000b63c       ?clipfacevecs@@YAHPBUfacevec@@HHHPAU1@@Z 0040c63c f   octa.obj
 0001:0000b71f       ?occludesface@@YA_NAAUcube@@HABUivec@@H1HEEPBUfacevec@@@Z 0040c71f f   octa.obj
 0001:0000b8d9       ?visibleface@@YA_NAAUcube@@HHHHHEE_N@Z 0040c8d9 f   octa.obj
 0001:0000bae3       ?calcvert@@YAXAAUcube@@HHHHAAUvvec@@H_N@Z 0040cae3 f   octa.obj
 0001:0000bbe3       ?calcverts@@YAXAAUcube@@HHHHPAUvvec@@PA_NPAH_N@Z 0040cbe3 f   octa.obj
 0001:0000bc74       ?genclipplane@@YAHAAUcube@@HPAUvec@@PAUplane@@@Z 0040cc74 f   octa.obj
 0001:0000bd56       ?genclipplanes@@YAXAAUcube@@HHHHAAUclipplanes@@@Z 0040cd56 f   octa.obj
 0001:0000c111       ?mergefaces@@YAHHPAUcubeface@@H@Z 0040d111 f   octa.obj
 0001:0000c14e       ?mincubeface@@YAXAAUcube@@HABUivec@@HABUmergeinfo@@AAU3@@Z 0040d14e f   octa.obj
 0001:0000c471       ?mincubeface@@YA_NAAUcube@@HABUivec@@HAAUmergeinfo@@@Z 0040d471 f   octa.obj
 0001:0000c50d       ?gencubeface@@YA_NAAUcube@@HABUivec@@HAAU2@AAHAAUcubeface@@@Z 0040d50d f   octa.obj
 0001:0000c865       ?addmergeinfo@@YAXAAUcube@@HAAUcubeface@@@Z 0040d865 f   octa.obj
 0001:0000c975       ?freemergeinfo@@YAXAAUcube@@@Z 0040d975 f   octa.obj
 0001:0000c99c       ?genmergeinfo@@YAXPAUcube@@ABUivec@@H@Z 0040d99c f   octa.obj
 0001:0000cc72       ?genmergedverts@@YAXAAUcube@@HABUivec@@HABUmergeinfo@@PAUvvec@@PAUplane@@@Z 0040dc72 f   octa.obj
 0001:0000cec7       ?calcmergedsize@@YAHHABUivec@@HABUmergeinfo@@PBUvvec@@@Z 0040dec7 f   octa.obj
 0001:0000cfd1       ?invalidatemerges@@YAXAAUcube@@@Z 0040dfd1 f   octa.obj
 0001:0000d043       ?add@?$vector@Ucubeface@@@@QAEAAUcubeface@@ABU2@@Z 0040e043 f i octa.obj
 0001:0000d078       ??1chain@?$hashtable@Ucfkey@@Ucfval@@@@QAE@XZ 0040e078 f i octa.obj
 0001:0000d09c       ??1cfval@@QAE@XZ           0040e09c f i octa.obj
 0001:0000d0c0       ??1?$vector@D@@QAE@XZ      0040e0c0 f i octarender.obj
 0001:0000d0c0       ??1?$vector@Ucubeface@@@@QAE@XZ 0040e0c0 f i octa.obj
 0001:0000d0c0       ??1?$vector@G@@QAE@XZ      0040e0c0 f i octaedit.obj
 0001:0000d0c0       ??1?$vector@Umergedface@@@@QAE@XZ 0040e0c0 f i octarender.obj
 0001:0000d0c0       ??1?$vector@PAUShader@@@@QAE@XZ 0040e0c0 f i shader.obj
 0001:0000d0c0       ??1?$vector@Ucline@@@@QAE@XZ 0040e0c0 f i console.obj
 0001:0000d0c0       ??1?$vector@PAUvtxarray@@@@QAE@XZ 0040e0c0 f i octarender.obj
 0001:0000d0c0       ??1?$vector@PAUclientinfo@fpsserver@@@@QAE@XZ 0040e0c0 f i fps.obj
 0001:0000d0c0       ??1?$vector@Uaniminfo@vertmodel@@@@QAE@XZ 0040e0c0 f i rendermodel.obj
 0001:0000d0d4       ?find@?$hashtable@Ucfkey@@Ucfval@@@@QAEPAUchain@1@ABUcfkey@@_N@Z 0040e0d4 f i octa.obj
 0001:0000d163       ?insert@?$hashtable@Ucfkey@@Ucfval@@@@QAEPAUchain@1@ABUcfkey@@I@Z 0040e163 f i octa.obj
 0001:0000d215       ??0chain@?$hashtable@Ucfkey@@Ucfval@@@@QAE@XZ 0040e215 f i octa.obj
 0001:0000d23b       ??0?$vector@Ucubeface@@@@QAE@XZ 0040e23b f i octa.obj
 0001:0000d257       ?dist@vec@@QBEMABU1@AAU1@@Z 0040e257 f i octaedit.obj
 0001:0000d28a       ?rayintersect@plane@@QAE_NABUvec@@0AAM@Z 0040e28a f i octaedit.obj
 0001:0000d2d0       ??0ivec@@QAE@ABUvec@@@Z    0040e2d0 f i octaedit.obj
 0001:0000d2f2       ??8selinfo@@QBE_NABU0@@Z   0040e2f2 f i octaedit.obj
 0001:0000d327       ??1g3d_callback@@UAE@XZ    0040e327 f i octaedit.obj
 0001:0000d32e       ??_Eg3d_callback@@UAEPAXI@Z 0040e32e f i  CIL library: CIL module
 0001:0000d32e       ??_Gg3d_callback@@UAEPAXI@Z 0040e32e f i octaedit.obj
 0001:0000d34b       ??0block3@@QAE@ABUselinfo@@@Z 0040e34b f i octaedit.obj
 0001:0000d36d       ?boxs@@YAXHUvec@@ABU1@@Z   0040e36d f   octaedit.obj
 0001:0000d432       ?boxs3D@@YAXABUvec@@U1@H@Z 0040e432 f   octaedit.obj
 0001:0000d484       ?boxsgrid@@YAXHUvec@@0H@Z  0040e484 f   octaedit.obj
 0001:0000d5ee       ?var_dragging@@YAXXZ       0040e5ee f   octaedit.obj
 0001:0000d633       ?var_moving@@YAXXZ         0040e633 f   octaedit.obj
 0001:0000d694       ?cubecancel@@YAXXZ         0040e694 f   octaedit.obj
 0001:0000d6ad       ?cancelsel@@YAXXZ          0040e6ad f   octaedit.obj
 0001:0000d6b7       ?var_gridpower@@YAXXZ      0040e6b7 f   octaedit.obj
 0001:0000d6ea       ?toggleedit@@YAXXZ         0040e6ea f   octaedit.obj
 0001:0000d78c       ?noedit@@YA_N_N@Z          0040e78c f   octaedit.obj
 0001:0000d8d6       ?reorient@@YAXXZ           0040e8d6 f   octaedit.obj
 0001:0000d921       ?selextend@@YAXXZ          0040e921 f   octaedit.obj
 0001:0000d988       ?blockcube@@YAAAUcube@@HHHABUblock3@@H@Z 0040e988 f   octaedit.obj
 0001:0000d9ea       ??0cmd_havesel@@QAE@XZ     0040e9ea f i octaedit.obj
 0001:0000da65       ?run@cmd_havesel@@UAEXPAPAD@Z 0040ea65 f i octaedit.obj
 0001:0000da7e       ?countselchild@@YAXPAUcube@@ABUivec@@H@Z 0040ea7e f   octaedit.obj
 0001:0000db15       ?normalizelookupcube@@YAXHHH@Z 0040eb15 f   octaedit.obj
 0001:0000db88       ?updateselection@@YAXXZ    0040eb88 f   octaedit.obj
 0001:0000dc31       ?editmoveplane@@YAXABUvec@@0HMAAU1@1_N@Z 0040ec31 f   octaedit.obj
 0001:0000dce7       ?cursorupdate@@YAXXZ       0040ece7 f   octaedit.obj
 0001:0000e811       ?readychanges@@YAXAAUblock3@@PAUcube@@ABUivec@@H@Z 0040f811 f   octaedit.obj
 0001:0000e8fd       ?changed@@YAXABUblock3@@@Z 0040f8fd f   octaedit.obj
 0001:0000e9b4       ?copycube@@YA?AUcube@@AAU1@@Z 0040f9b4 f   octaedit.obj
 0001:0000ea40       ?pastecube@@YAXAAUcube@@0@Z 0040fa40 f   octaedit.obj
 0001:0000ea6a       ?blockcopy@@YAPAUblock3@@ABU1@H@Z 0040fa6a f   octaedit.obj
 0001:0000eb5c       ?freeblock@@YAXPAUblock3@@@Z 0040fb5c f   octaedit.obj
 0001:0000eb96       ?selgridmap@@YAPAHAAUselinfo@@@Z 0040fb96 f   octaedit.obj
 0001:0000ec91       ?freeundo@@YAXUundoblock@@@Z 0040fc91 f   octaedit.obj
 0001:0000ecc2       ?pasteundo@@YAXAAUundoblock@@@Z 0040fcc2 f   octaedit.obj
 0001:0000edac       ?pruneundos@@YAXH@Z        0040fdac f   octaedit.obj
 0001:0000eecb       ?initundocube@@YAXAAUundoblock@@AAUselinfo@@@Z 0040fecb f   octaedit.obj
 0001:0000eefd       ?addundo@@YAXAAUundoblock@@@Z 0040fefd f   octaedit.obj
 0001:0000ef1d       ?makeundo@@YAXXZ           0040ff1d f   octaedit.obj
 0001:0000ef95       ?swapundo@@YAXAAU?$vector@Uundoblock@@@@0PBD@Z 0040ff95 f   octaedit.obj
 0001:0000f113       ?editundo@@YAXXZ           00410113 f   octaedit.obj
 0001:0000f12b       ?editredo@@YAXXZ           0041012b f   octaedit.obj
 0001:0000f143       ?freeeditinfo@@YAXAAPAUeditinfo@@@Z 00410143 f   octaedit.obj
 0001:0000f163       ?mpcopy@@YAXAAPAUeditinfo@@AAUselinfo@@_N@Z 00410163 f   octaedit.obj
 0001:0000f256       ?mppaste@@YAXAAPAUeditinfo@@AAUselinfo@@_N@Z 00410256 f   octaedit.obj
 0001:0000f3ba       ?copy@@YAXXZ               004103ba f   octaedit.obj
 0001:0000f3da       ?pastehilite@@YAXXZ        004103da f   octaedit.obj
 0001:0000f401       ?paste@@YAXXZ              00410401 f   octaedit.obj
 0001:0000f423       ?clearbrush@@YAXXZ         00410423 f   octaedit.obj
 0001:0000f440       ?brushvert@@YAXPAH00@Z     00410440 f   octaedit.obj
 0001:0000f552       ??0cmd_addhtex@@QAE@XZ     00410552 f i octaedit.obj
 0001:0000f5cd       ?run@cmd_addhtex@@UAEXPAPAD@Z 004105cd f i octaedit.obj
 0001:0000f606       ??0cmd_hmapcancel@@QAE@XZ  00410606 f i octaedit.obj
 0001:0000f681       ?run@cmd_hmapcancel@@UAEXPAPAD@Z 00410681 f i octaedit.obj
 0001:0000f68b       ?isheightmap@@YA_NHH_NPAUcube@@@Z 0041068b f i octaedit.obj
 0001:0000f6d7       ?bitspread@hmap@@YAII@Z    004106d7 f i octaedit.obj
 0001:0000f703       ?getcube@hmap@@YAPAUcube@@Uivec@@H@Z 00410703 f i octaedit.obj
 0001:0000f7d9       ?getface@hmap@@YAIPAUcube@@H@Z 004107d9 f i octaedit.obj
 0001:0000f805       ?sethface@hmap@@YAXPAUcube@@I@Z 00410805 f i octaedit.obj
 0001:0000f867       ?pushside@hmap@@YAXAAII@Z  00410867 f i octaedit.obj
 0001:0000f8a3       ?hedit@hmap@@YAXHHHIH@Z    004108a3 f   octaedit.obj
 0001:0000ff2d       ?run@hmap@@YAXHH@Z         00410f2d f   octaedit.obj
 0001:000101da       ?pushedge@@YAXAAEHH@Z      004111da f   octaedit.obj
 0001:00010274       ?linkedpush@@YAXAAUcube@@HHHHH@Z 00411274 f   octaedit.obj
 0001:0001033b       ?mpeditface@@YAXHHAAUselinfo@@_N@Z 0041133b f   octaedit.obj
 0001:0001073a       ?editface@@YAXPAH0@Z       0041173a f   octaedit.obj
 0001:000107a7       ?pushsel@@YAXPAH@Z         004117a7 f   octaedit.obj
 0001:0001080e       ?mpdelcube@@YAXAAUselinfo@@_N@Z 0041180e f   octaedit.obj
 0001:00010919       ?delcube@@YAXXZ            00411919 f   octaedit.obj
 0001:00010935       ?tofronttex@@YAXXZ         00411935 f   octaedit.obj
 0001:00010960       ?edittexcube@@YAXAAUcube@@HHAA_N@Z 00411960 f   octaedit.obj
 0001:000109ec       ?mpedittex@@YAXHHAAUselinfo@@_N@Z 004119ec f   octaedit.obj
 0001:00010b43       ?filltexlist@@YAXXZ        00411b43 f   octaedit.obj
 0001:00010bca       ?edittex@@YAXH@Z           00411bca f   octaedit.obj
 0001:00010c16       ?edittex_@@YAXPAH@Z        00411c16 f   octaedit.obj
 0001:00010c69       ?gettex@@YAXXZ             00411c69 f   octaedit.obj
 0001:00010db3       ?replacetexcube@@YAXAAUcube@@HH@Z 00411db3 f   octaedit.obj
 0001:00010dfc       ?mpreplacetex@@YAXHHAAUselinfo@@_N@Z 00411dfc f   octaedit.obj
 0001:00010e48       ?replace@@YAXXZ            00411e48 f   octaedit.obj
 0001:00010e80       ?dflip@@YAII@Z             00411e80 f   octaedit.obj
 0001:00010ea5       ?mflip@@YAII@Z             00411ea5 f   octaedit.obj
 0001:00010ec4       ?flipcube@@YAXAAUcube@@H@Z 00411ec4 f   octaedit.obj
 0001:00010fb6       ?rotatequad@@YAXAAUcube@@000@Z 00411fb6 f   octaedit.obj
 0001:00010ff7       ?rotatecube@@YAXAAUcube@@H@Z 00411ff7 f   octaedit.obj
 0001:00011195       ?mpflip@@YAXAAUselinfo@@_N@Z 00412195 f   octaedit.obj
 0001:0001134b       ?flip@@YAXXZ               0041234b f   octaedit.obj
 0001:00011367       ?mprotate@@YAXHAAUselinfo@@_N@Z 00412367 f   octaedit.obj
 0001:000115f2       ?rotate@@YAXPAH@Z          004125f2 f   octaedit.obj
 0001:00011615       ?setmat@@YAXAAUcube@@E@Z   00412615 f   octaedit.obj
 0001:00011666       ?mpeditmat@@YAXHAAUselinfo@@_N@Z 00412666 f   octaedit.obj
 0001:00011766       ?editmat@@YAXPAD@Z         00412766 f   octaedit.obj
 0001:000117a3       ?gui@texturegui@@UAEXAAUg3d_gui@@_N@Z 004127a3 f i octaedit.obj
 0001:00011945       ?g3d_texturemenu@@YAXXZ    00412945 f   octaedit.obj
 0001:000119a9       ?showtexgui@@YAXPAH@Z      004129a9 f   octaedit.obj
 0001:00011a13       ?render_texture_panel@@YAXHH@Z 00412a13 f   octaedit.obj
 0001:00011d11       ??0?$vector@G@@QAE@XZ      00412d11 f i octaedit.obj
 0001:00011d2d       ?add@?$vector@G@@QAEAAGABG@Z 00412d2d f i octaedit.obj
 0001:00011d63       ?remove@?$vector@G@@QAEGH@Z 00412d63 f i octaedit.obj
 0001:00011d97       ?insert@?$vector@G@@QAEAAGHABG@Z 00412d97 f i octaedit.obj
 0001:00011de1       ??1?$tident@X@@UAE@XZ      00412de1 f i octaedit.obj
 0001:00011de8       ?add@?$vector@Uundoblock@@@@QAEAAUundoblock@@ABU2@@Z 00412de8 f i octaedit.obj
 0001:00011e1f       ??_E?$tident@X@@UAEPAXI@Z  00412e1f f i  CIL library: CIL module
 0001:00011e1f       ??_G?$tident@X@@UAEPAXI@Z  00412e1f f i octaedit.obj
 0001:00011e3c       ?vrealloc@?$vector@G@@QAEXXZ 00412e3c f i octaedit.obj
 0001:00011e7a       ?vrealloc@?$vector@Uundoblock@@@@QAEXXZ 00412e7a f i octaedit.obj
 0001:00011ec0       ??9svec@@QBE_NABU0@@Z      00412ec0 f i octarender.obj
 0001:00011ee3       ?toivec@vvec@@QBE?AUivec@@HHH@Z 00412ee3 f i octarender.obj
 0001:00011f4b       ?genverts@@YAXPAX@Z        00412f4b f   octarender.obj
 0001:0001212d       ?destroyvbo@@YAXI@Z        0041312d f   octarender.obj
 0001:00012151       ?genvbo@@YAXHPAXHPAPAUvtxarray@@H@Z 00413151 f   octarender.obj
 0001:00012211       ?flushvbo@@YAXH@Z          00413211 f   octarender.obj
 0001:00012264       ?addvbo@@YAPAXPAUvtxarray@@HPAXH@Z 00413264 f   octarender.obj
 0001:000123ac       ?access@vechash@@QAEHABUvvec@@FFABUbvec@@E@Z 004133ac f i octarender.obj
 0001:00012519       ??8sortkey@@QBE_NABU0@@Z   00413519 f i octarender.obj
 0001:0001253c       ?size@lodcollect@@QAEHXZ   0041353c f i octarender.obj
 0001:00012560       ?clear@lodcollect@@QAEXXZ  00413560 f i octarender.obj
 0001:000125db       ?remapunlit@lodcollect@@QAEXAAU?$vector@Usortkey@@@@@Z 004135db f i octarender.obj
 0001:00012850       ?optimize@lodcollect@@QAEXXZ 00413850 f i octarender.obj
 0001:000129e1       ?texsort@lodcollect@@SAHPBUsortkey@@0@Z 004139e1 f i octarender.obj
 0001:00012a45       ?setup@lodcollect@@QAEPADPAUvtxarray@@AAUlodlevel@@PAD@Z 00413a45 f i octarender.obj
 0001:00012d1e       ??0lodcollect@@QAE@XZ      00413d1e f i octarender.obj
 0001:00012dc8       ??1lodcollect@@QAE@XZ      00413dc8 f i octarender.obj
 0001:00012e46       ?var_lodsize@@YAXXZ        00413e46 f   octarender.obj
 0001:00012e51       ?addtriindexes@@YAHAAU?$vector@G@@QAH@Z 00413e51 f   octarender.obj
 0001:00012ef1       ?calcshadowmask@@YAHPAEPAUvvec@@@Z 00413ef1 f   octarender.obj
 0001:00013101       ?addcubeverts@@YAXHH_NPAUvvec@@GPAUsurfaceinfo@@PAUsurfacenormals@@G@Z 00414101 f   octarender.obj
 0001:000132e1       ?gencubeverts@@YAXAAUcube@@HHHHH_N@Z 004142e1 f   octarender.obj
 0001:000134fd       ?skyoccluded@@YA_NAAUcube@@H@Z 004144fd f   octarender.obj
 0001:0001352b       ?hasskyfaces@@YAHAAUcube@@HHHHQAH@Z 0041452b f   octarender.obj
 0001:000135f4       ?minskyface@@YAXAAUcube@@HABUivec@@HAAUmergeinfo@@@Z 004145f4 f   octarender.obj
 0001:0001368d       ?genskyfaces@@YAXAAUcube@@ABUivec@@H_N@Z 0041468d f   octarender.obj
 0001:00013802       ?addskyverts@@YAXABUivec@@H@Z 00414802 f   octarender.obj
 0001:00013979       ?newva@@YAPAUvtxarray@@HHHH@Z 00414979 f   octarender.obj
 0001:00013ceb       ?destroyva@@YAXPAUvtxarray@@_N@Z 00414ceb f   octarender.obj
 0001:00013e5b       ?vaclearc@@YAXPAUcube@@@Z  00414e5b f   octarender.obj
 0001:00013e9b       ?genmergedfaces@@YAXAAUcube@@ABUivec@@HH@Z 00414e9b f   octarender.obj
 0001:00014046       ?findmergedfaces@@YAXAAUcube@@ABUivec@@HHH@Z 00415046 f   octarender.obj
 0001:000140e6       ?addmergedverts@@YAXH@Z    004150e6 f   octarender.obj
 0001:000141b7       ?rendercube@@YAXAAUcube@@HHHHH@Z 004151b7 f   octarender.obj
 0001:00014399       ?calcvabb@@YAXHHHHAAUivec@@0@Z 00415399 f   octarender.obj
 0001:00014463       ?setva@@YAXAAUcube@@HHHHH@Z 00415463 f   octarender.obj
 0001:00014595       ?var_vacubemin@@YAXXZ      00415595 f   octarender.obj
 0001:00014595       ?var_vertwater@@YAXXZ      00415595 f   water.obj
 0001:00014595       ?var_floatvtx@@YAXXZ       00415595 f   octarender.obj
 0001:00014595       ?var_vacubemax@@YAXXZ      00415595 f   octarender.obj
 0001:00014595       ?var_vbosize@@YAXXZ        00415595 f   octarender.obj
 0001:00014595       ?var_vacubesize@@YAXXZ     00415595 f   octarender.obj
 0001:00014595       ?var_optmats@@YAXXZ        00415595 f   material.obj
 0001:0001459e       ?updateva@@YAHPAUcube@@HHHHH@Z 0041559e f   octarender.obj
 0001:0001489c       ?genlod@@YAXAAUcube@@H@Z   0041589c f   octarender.obj
 0001:00014963       ?octarender@@YAXXZ         00415963 f   octarender.obj
 0001:00014a26       ?precachetextures@@YAXAAUlodlevel@@@Z 00415a26 f   octarender.obj
 0001:00014a4f       ?precacheall@@YAXXZ        00415a4f f   octarender.obj
 0001:00014a89       ?allchanged@@YAX_N@Z       00415a89 f   octarender.obj
 0001:00014b5d       ?recalc@@YAXXZ             00415b5d f   octarender.obj
 0001:00014b66       ?add@?$vector@Ugrasstri@@@@QAEAAUgrasstri@@XZ 00415b66 f i octarender.obj
 0001:00014bae       ?move@?$vector@Ugrasstri@@@@QAEXAAU1@@Z 00415bae f i octarender.obj
 0001:00014c32       ??A?$hashtable@IUvboinfo@@@@QAEAAUvboinfo@@ABI@Z 00415c32 f i octarender.obj
 0001:00014c5e       ??0?$vector@D@@QAE@XZ      00415c5e f i octarender.obj
 0001:00014c78       ?reserve@?$vector@D@@QAE?AU?$databuf@D@@H@Z 00415c78 f i octarender.obj
 0001:00014c78       ?reserve@?$vector@E@@QAE?AU?$databuf@E@@H@Z 00415c78 f i fps.obj
 0001:00014ca2       ?removeobj@?$vector@PAUvtxarray@@@@QAEXABQAUvtxarray@@@Z 00415ca2 f i octarender.obj
 0001:00014ce5       ??1?$hashtable@Uivec@@H@@QAE@XZ 00415ce5 f i material.obj
 0001:00014ce5       ??1?$hashtable@Uedge@tristrip@@G@@QAE@XZ 00415ce5 f i rendermodel.obj
 0001:00014ce5       ??1?$hashtable@Usortkey@@Usortval@@@@QAE@XZ 00415ce5 f i octarender.obj
 0001:00014cf8       ?add@?$vector@Usortkey@@@@QAEAAUsortkey@@ABU2@@Z 00415cf8 f i octarender.obj
 0001:00014d2d       ?removeobj@?$vector@Usortkey@@@@QAEXABUsortkey@@@Z 00415d2d f i octarender.obj
 0001:00014dab       ??0?$vector@PAUoctaentities@@@@QAE@ABU0@@Z 00415dab f i octarender.obj
 0001:00014def       ??0?$vector@Umergedface@@@@QAE@XZ 00415def f i octarender.obj
 0001:00014e0e       ??1chain@?$hashtable@Usortkey@@Usortval@@@@QAE@XZ 00415e0e f i octarender.obj
 0001:00014e32       ??1sortval@@QAE@XZ         00415e32 f i octarender.obj
 0001:00014e63       ?vrealloc@?$vector@E@@QAEXXZ 00415e63 f i rendermodel.obj
 0001:00014e63       ?vrealloc@?$vector@D@@QAEXXZ 00415e63 f i octarender.obj
 0001:00014e9f       ?find@?$hashtable@Usortkey@@Usortval@@@@QAEPAUchain@1@ABUsortkey@@_N@Z 00415e9f f i octarender.obj
 0001:00014efd       ?vrealloc@?$vector@Usortkey@@@@QAEXXZ 00415efd f i octarender.obj
 0001:00014f43       ?vrealloc@?$vector@Umergedface@@@@QAEXXZ 00415f43 f i octarender.obj
 0001:00014f89       ?insert@?$hashtable@IUvboinfo@@@@QAEPAUchain@1@ABII@Z 00415f89 f i octarender.obj
 0001:0001500a       ?insert@?$hashtable@Usortkey@@Usortval@@@@QAEPAUchain@1@ABUsortkey@@I@Z 0041600a f i octarender.obj
 0001:000150ba       ??0chain@?$hashtable@Usortkey@@Usortval@@@@QAE@XZ 004160ba f i octarender.obj
 0001:000150f8       ?reject@vec@@QAE_NABU1@M@Z 004160f8 f i physics.obj
 0001:0001516f       ??0physent@@QAE@XZ         0041616f f i physics.obj
 0001:000151c7       ?reset@physent@@QAEXXZ     004161c7 f i physics.obj
 0001:00015202       ?normalize_yaw@dynent@@QAEXM@Z 00416202 f i physics.obj
 0001:00015254       ?setcubeclip@@YAXAAUcube@@HHHH@Z 00416254 f   physics.obj
 0001:00015376       ?freeclipplanes@@YAXAAUcube@@@Z 00416376 f   physics.obj
 0001:000153dc       ?pointincube@@YA_NABUclipplanes@@ABUvec@@@Z 004163dc f   physics.obj
 0001:00015491       ?raycubeintersect@@YA_NABUcube@@ABUvec@@1AAM@Z 00416491 f   physics.obj
 0001:0001590e       ?insideworld@@YA_NABUvec@@@Z 0041690e f   physics.obj
 0001:0001593f       ?raycube@@YAMABUvec@@0MHHPAUextentity@@@Z 0041693f f   physics.obj
 0001:00015f9f       ?shadowray@@YAMABUvec@@0MHPAUextentity@@@Z 00416f9f f   physics.obj
 0001:0001644e       ?rayent@@YAMABUvec@@AAU1@1MHHAAH2@Z 0041744e f   physics.obj
 0001:000164b8       ?raycubepos@@YAMABUvec@@AAU1@1MHH@Z 004174b8 f   physics.obj
 0001:00016515       ?raycubelos@@YA_NAAUvec@@00@Z 00417515 f   physics.obj
 0001:0001658a       ?rayfloor@@YAMABUvec@@AAU1@HM@Z 0041758a f   physics.obj
 0001:00016623       ?ellipsecollide@@YA_NPAUdynent@@ABUvec@@0@Z 00417623 f   physics.obj
 0001:000168c9       ?rectcollide@@YA_NPAUphysent@@ABUvec@@1MMMME_NM@Z 004178c9 f   physics.obj
 0001:00016c03       ??0dynentcacheentry@@QAE@XZ 00417c03 f i physics.obj
 0001:00016c3d       ??1dynentcacheentry@@QAE@XZ 00417c3d f i physics.obj
 0001:00016c6f       ?cleardynentcache@@YAXXZ   00417c6f f   physics.obj
 0001:00016ca4       ?var_dynentsize@@YAXXZ     00417ca4 f   physics.obj
 0001:00016ca9       ?checkdynentcache@@YAABU?$vector@PAUphysent@@@@HH@Z 00417ca9 f   physics.obj
 0001:00016dbe       ?updatedynentcache@@YAXPAUphysent@@@Z 00417dbe f   physics.obj
 0001:00016f05       ?overlapsdynent@@YA_NABUvec@@M@Z 00417f05 f   physics.obj
 0001:0001704b       ?plcollide@@YA_NPAUphysent@@ABUvec@@@Z 0041804b f   physics.obj
 0001:000171b5       ?cubecollide@@YA_NPAUphysent@@ABUvec@@MAAUcube@@HHHH@Z 004181b5 f   physics.obj
 0001:00017828       ?octacollide@@YA_NPAUphysent@@ABUvec@@MABUivec@@2PAUcube@@2H@Z 00418828 f   physics.obj
 0001:00017949       ?collide@@YA_NPAUphysent@@ABUvec@@M@Z 00418949 f   physics.obj
 0001:00017a11       ?slopegravity@@YAXMABUvec@@AAU1@@Z 00418a11 f   physics.obj
 0001:00017a4b       ?slideagainst@@YAXPAUphysent@@AAUvec@@ABU2@@Z 00418a4b f   physics.obj
 0001:00017b09       ?switchfloor@@YAXPAUphysent@@AAUvec@@_NABU2@@Z 00418b09 f   physics.obj
 0001:00017dd4       ?trystepup@@YA_NPAUphysent@@AAUvec@@M@Z 00418dd4 f   physics.obj
 0001:00017ed7       ?falling@@YAXPAUphysent@@AAUvec@@ABU2@@Z 00418ed7 f   physics.obj
 0001:00017f5c       ?landing@@YAXPAUphysent@@AAUvec@@ABU2@@Z 00418f5c f   physics.obj
 0001:00017fc5       ?findfloor@@YA_NPAUphysent@@_NABUvec@@AA_NAAU2@@Z 00418fc5 f   physics.obj
 0001:0001819d       ?move@@YA_NPAUphysent@@AAUvec@@@Z 0041919d f   physics.obj
 0001:000183e3       ?bounce@@YA_NPAUphysent@@MMM@Z 004193e3 f   physics.obj
 0001:000186b8       ?avoidcollision@@YAXPAUphysent@@ABUvec@@0M@Z 004196b8 f   physics.obj
 0001:00018850       ?dropenttofloor@@YAXPAUentity@@@Z 00419850 f   physics.obj
 0001:00018929       ?phystest@@YAXXZ           00419929 f   physics.obj
 0001:000189f7       ?vecfromyawpitch@@YAXMMHHAAUvec@@@Z 004199f7 f   physics.obj
 0001:00018ae0       ?vectoyawpitch@@YAXABUvec@@AAM1@Z 00419ae0 f   physics.obj
 0001:00018b3e       ?modifyvelocity@@YAXPAUphysent@@_N11H@Z 00419b3e f   physics.obj
 0001:00018f53       ?modifygravity@@YAXPAUphysent@@_NM@Z 00419f53 f   physics.obj
 0001:000190c5       ?moveplayer@@YA_NPAUphysent@@H_NH@Z 0041a0c5 f   physics.obj
 0001:000193a2       ?physicsframe@@YAXXZ       0041a3a2 f   physics.obj
 0001:000193db       ?updatephysstate@@YAXPAUphysent@@@Z 0041a3db f   physics.obj
 0001:00019589       ?intersect@@YA_NPAUphysent@@AAUvec@@1@Z 0041a589 f   physics.obj
 0001:000196e1       ??0cmd_backward@@QAE@XZ    0041a6e1 f i physics.obj
 0001:0001975c       ?run@cmd_backward@@UAEXPAPAD@Z 0041a75c f i physics.obj
 0001:00019783       ??0cmd_forward@@QAE@XZ     0041a783 f i physics.obj
 0001:000197fe       ?run@cmd_forward@@UAEXPAPAD@Z 0041a7fe f i physics.obj
 0001:00019824       ??_Ecmd_forward@@UAEPAXI@Z 0041a824 f i  CIL library: CIL module
 0001:00019824       ??_Ecmd_left@@UAEPAXI@Z    0041a824 f i  CIL library: CIL module
 0001:00019824       ??_Gcmd_insel@@UAEPAXI@Z   0041a824 f i world.obj
 0001:00019824       ??_Gcmd_attack@@UAEPAXI@Z  0041a824 f i physics.obj
 0001:00019824       ??_Ecmd_entget@@UAEPAXI@Z  0041a824 f i  CIL library: CIL module
 0001:00019824       ??_Ecmd_echo@@UAEPAXI@Z    0041a824 f i  CIL library: CIL module
 0001:00019824       ??_Gcmd_entget@@UAEPAXI@Z  0041a824 f i world.obj
 0001:00019824       ??_Gcmd_entselect@@UAEPAXI@Z 0041a824 f i world.obj
 0001:00019824       ??_Gcmd_entloop@@UAEPAXI@Z 0041a824 f i world.obj
 0001:00019824       ??_Gcmd_echo@@UAEPAXI@Z    0041a824 f i command.obj
 0001:00019824       ??_Gcmd_loop@@UAEPAXI@Z    0041a824 f i command.obj
 0001:00019824       ??_Ecmd_enthavesel@@UAEPAXI@Z 0041a824 f i  CIL library: CIL module
 0001:00019824       ??_Ecmd_backward@@UAEPAXI@Z 0041a824 f i  CIL library: CIL module
 0001:00019824       ??_Gcmd_havesel@@UAEPAXI@Z 0041a824 f i octaedit.obj
 0001:00019824       ??_Ecmd_hmapcancel@@UAEPAXI@Z 0041a824 f i  CIL library: CIL module
 0001:00019824       ??_Gcmd_backward@@UAEPAXI@Z 0041a824 f i physics.obj
 0001:00019824       ??_Ecmd_right@@UAEPAXI@Z   0041a824 f i  CIL library: CIL module
 0001:00019824       ??_Ecmd_loop@@UAEPAXI@Z    0041a824 f i  CIL library: CIL module
 0001:00019824       ??_Gcmd_while@@UAEPAXI@Z   0041a824 f i command.obj
 0001:00019824       ??_Ecmd_insel@@UAEPAXI@Z   0041a824 f i  CIL library: CIL module
 0001:00019824       ??_Ecmd_entselect@@UAEPAXI@Z 0041a824 f i  CIL library: CIL module
 0001:00019824       ??_Gcmd_enthavesel@@UAEPAXI@Z 0041a824 f i world.obj
 0001:00019824       ??_Gcmd_if@@UAEPAXI@Z      0041a824 f i command.obj
 0001:00019824       ??_Ecmd_centerprint@@UAEPAXI@Z 0041a824 f i  CIL library: CIL module
 0001:00019824       ??_Ecmd_if@@UAEPAXI@Z      0041a824 f i  CIL library: CIL module
 0001:00019824       ??_Gcmd_hmapcancel@@UAEPAXI@Z 0041a824 f i octaedit.obj
 0001:00019824       ??_Ecmd_attack@@UAEPAXI@Z  0041a824 f i  CIL library: CIL module
 0001:00019824       ??_Ecmd_addhtex@@UAEPAXI@Z 0041a824 f i  CIL library: CIL module
 0001:00019824       ??_Ecmd_entloop@@UAEPAXI@Z 0041a824 f i  CIL library: CIL module
 0001:00019824       ??_Ecmd_havesel@@UAEPAXI@Z 0041a824 f i  CIL library: CIL module
 0001:00019824       ??_Gcmd_forward@@UAEPAXI@Z 0041a824 f i physics.obj
 0001:00019824       ??_Gcmd_jump@@UAEPAXI@Z    0041a824 f i physics.obj
 0001:00019824       ??_Gcmd_addhtex@@UAEPAXI@Z 0041a824 f i octaedit.obj
 0001:00019824       ??_Ecmd_while@@UAEPAXI@Z   0041a824 f i  CIL library: CIL module
 0001:00019824       ??_Gcmd_left@@UAEPAXI@Z    0041a824 f i physics.obj
 0001:00019824       ??_Gcmd_right@@UAEPAXI@Z   0041a824 f i physics.obj
 0001:00019824       ??_Gcmd_centerprint@@UAEPAXI@Z 0041a824 f i console.obj
 0001:00019824       ??_Ecmd_jump@@UAEPAXI@Z    0041a824 f i  CIL library: CIL module
 0001:0001985d       ??0cmd_left@@QAE@XZ        0041a85d f i physics.obj
 0001:000198d8       ?run@cmd_left@@UAEXPAPAD@Z 0041a8d8 f i physics.obj
 0001:000198fe       ??0cmd_right@@QAE@XZ       0041a8fe f i physics.obj
 0001:00019979       ?run@cmd_right@@UAEXPAPAD@Z 0041a979 f i physics.obj
 0001:000199a0       ??0cmd_jump@@QAE@XZ        0041a9a0 f i physics.obj
 0001:00019a1b       ?run@cmd_jump@@UAEXPAPAD@Z 0041aa1b f i physics.obj
 0001:00019a3e       ??0cmd_attack@@QAE@XZ      0041aa3e f i physics.obj
 0001:00019ab9       ?run@cmd_attack@@UAEXPAPAD@Z 0041aab9 f i physics.obj
 0001:00019ad0       ?mousemove@@YAXHH@Z        0041aad0 f   physics.obj
 0001:00019ae7       ?entinmap@@YA_NPAUdynent@@_N@Z 0041aae7 f   physics.obj
 0001:00019c19       ?find@?$vector@H@@QAEHABH@Z 0041ac19 f i physics.obj
 0001:00019c3e       ?asin@@YAMM@Z              0041ac3e f i physics.obj
 0001:00019c58       ?atan2@@YAMMM@Z            0041ac58 f i physics.obj
 0001:00019c73       _atan2f                    0041ac73 f i physics.obj
 0001:00019c96       ?s_strncpy@@YAPADPADPBDI@Z 0041ac96 f i world.obj
 0001:00019cad       ?s_strcpy@@YAPADPADPBD@Z   0041acad f i world.obj
 0001:00019cca       ?s_strcat@@YAPADPADPBD@Z   0041acca f i world.obj
 0001:00019ceb       ?rotate@vec@@QAEXMABU1@@Z  0041aceb f i world.obj
 0001:00019d28       ?rotate@vec@@QAEXMMABU1@@Z 0041ad28 f i world.obj
 0001:00019df1       ?orthogonal@vec@@QAEXABU1@@Z 0041adf1 f i world.obj
 0001:00019e9b       ??0octaentities@@QAE@ABUivec@@H@Z 0041ae9b f i world.obj
 0001:00019f08       ?collisionbox@model@@QAEXHAAUvec@@0@Z 0041af08 f i world.obj
 0001:00019f61       ?getentboundingbox@@YA_NAAUextentity@@AAUivec@@1@Z 0041af61 f   world.obj
 0001:0001a07a       ?modifyoctaentity@@YAX_NHPAUcube@@ABUivec@@H22PAUvtxarray@@@Z 0041b07a f   world.obj
 0001:0001a573       ?freeoctaentities@@YAXAAUcube@@@Z 0041b573 f   world.obj
 0001:0001a63b       ?entitiesinoctanodes@@YAXXZ 0041b63b f   world.obj
 0001:0001a66b       ?entname@@YAPADAAUentity@@@Z 0041b66b f   world.obj
 0001:0001a6c6       ?noentedit@@YA_NXZ         0041b6c6 f   world.obj
 0001:0001a6ec       ?pointinsel@@YA_NAAUselinfo@@AAUvec@@@Z 0041b6ec f   world.obj
 0001:0001a793       ?entcancel@@YAXXZ          0041b793 f   world.obj
 0001:0001a7a5       ?entadd@@YAXH@Z            0041b7a5 f   world.obj
 0001:0001a7bc       ?initundoent@@YAXAAUundoblock@@@Z 0041b7bc f   world.obj
 0001:0001a871       ?makeundoent@@YAXXZ        0041b871 f   world.obj
 0001:0001a8c2       ?detachentity@@YAXAAUextentity@@@Z 0041b8c2 f   world.obj
 0001:0001a8d2       ?attachentity@@YAXAAUextentity@@@Z 0041b8d2 f   world.obj
 0001:0001a9bb       ?copyundoents@@YAXAAUundoblock@@0@Z 0041b9bb f   world.obj
 0001:0001aa15       ?pasteundoents@@YAXAAUundoblock@@@Z 0041ba15 f   world.obj
 0001:0001aad3       ?entflip@@YAXXZ            0041bad3 f   world.obj
 0001:0001ac60       ?entrotate@@YAXPAH@Z       0041bc60 f   world.obj
 0001:0001aef3       ?entselectionbox@@YAXABUentity@@AAUvec@@1@Z 0041bef3 f   world.obj
 0001:0001aff7       ?entdrag@@YAXABUvec@@@Z    0041bff7 f   world.obj
 0001:0001b36e       ?renderentradius@@YAXAAUextentity@@@Z 0041c36e f   world.obj
 0001:0001babd       ?renderentselection@@YAXABUvec@@0_N@Z 0041cabd f   world.obj
 0001:0001bd13       ?enttoggle@@YA_NH@Z        0041cd13 f   world.obj
 0001:0001bd52       ?hoveringonent@@YA_NHH@Z   0041cd52 f   world.obj
 0001:0001bda2       ?var_entmoving@@YAXXZ      0041cda2 f   world.obj
 0001:0001be12       ?entpush@@YAXPAH@Z         0041ce12 f   world.obj
 0001:0001c28a       ?entautoview@@YAXPAH@Z     0041d28a f   world.obj
 0001:0001c381       ?delent@@YAXXZ             0041d381 f   world.obj
 0001:0001c604       ?findtype@@YAHPAD@Z        0041d604 f   world.obj
 0001:0001c650       ?dropentity@@YA_NAAUentity@@H@Z 0041d650 f   world.obj
 0001:0001c804       ?dropent@@YAXXZ            0041d804 f   world.obj
 0001:0001ca9e       ?attachent@@YAXXZ          0041da9e f   world.obj
 0001:0001cd30       ?newentity@@YAPAUextentity@@_NABUvec@@HHHHH@Z 0041dd30 f   world.obj
 0001:0001cddc       ?newentity@@YAXHHHHH@Z     0041dddc f   world.obj
 0001:0001cea5       ?newent@@YAXPADPAH111@Z    0041dea5 f   world.obj
 0001:0001cee0       ?entcopy@@YAXXZ            0041dee0 f   world.obj
 0001:0001cf84       ?entpaste@@YAXXZ           0041df84 f   world.obj
 0001:0001d1db       ?entset@@YAXPADPAH111@Z    0041e1db f   world.obj
 0001:0001d53f       ??0cmd_enthavesel@@QAE@XZ  0041e53f f i world.obj
 0001:0001d5ba       ?run@cmd_enthavesel@@UAEXPAPAD@Z 0041e5ba f i world.obj
 0001:0001d604       ??0cmd_entselect@@QAE@XZ   0041e604 f i world.obj
 0001:0001d67f       ?run@cmd_entselect@@UAEXPAPAD@Z 0041e67f f i world.obj
 0001:0001d703       ??0cmd_entloop@@QAE@XZ     0041e703 f i world.obj
 0001:0001d77e       ?run@cmd_entloop@@UAEXPAPAD@Z 0041e77e f i world.obj
 0001:0001d939       ??0cmd_insel@@QAE@XZ       0041e939 f i world.obj
 0001:0001d9b4       ?run@cmd_insel@@UAEXPAPAD@Z 0041e9b4 f i world.obj
 0001:0001d9e2       ??0cmd_entget@@QAE@XZ      0041e9e2 f i world.obj
 0001:0001da5d       ?run@cmd_entget@@UAEXPAPAD@Z 0041ea5d f i world.obj
 0001:0001dad1       ?findentity@@YAHHH@Z       0041ead1 f   world.obj
 0001:0001db28       ?findplayerspawn@@YAXPAUdynent@@H@Z 0041eb28 f   world.obj
 0001:0001dc88       ?splitocta@@YAXPAUcube@@H@Z 0041ec88 f   world.obj
 0001:0001dcd5       ?resetmap@@YAXXZ           0041ecd5 f   world.obj
 0001:0001dd4a       ?emptymap@@YA_NH_N@Z       0041ed4a f   world.obj
 0001:0001deda       ?enlargemap@@YA_N_N@Z      0041eeda f   world.obj
 0001:0001df64       ?newmap@@YAXPAH@Z          0041ef64 f   world.obj
 0001:0001df8d       ?mapenlarge@@YAXXZ         0041ef8d f   world.obj
 0001:0001e013       ?mapname_@@YAXXZ           0041f013 f   world.obj
 0001:0001e026       ?mpeditent@@YAXHABUvec@@HHHHH_N@Z 0041f026 f   world.obj
 0001:0001e137       ?unlocktriggers@@YAXHHH@Z  0041f137 f   world.obj
 0001:0001e1e3       ?trigger@@YAXPAH0@Z        0041f1e3 f   world.obj
 0001:0001e205       ?doleveltrigger@@YAXHH@Z   0041f205 f   world.obj
 0001:0001e255       ?checktriggers@@YAXXZ      0041f255 f   world.obj
 0001:0001e54f       ?newentity@@YAXAAUvec@@HHHHH@Z 0041f54f f   world.obj
 0001:0001e609       ?removeobj@?$vector@H@@QAEXABH@Z 0041f609 f i world.obj
 0001:0001e632       ?add@?$vector@Uentity@@@@QAEAAUentity@@ABU2@@Z 0041f632 f i world.obj
 0001:0001e679       ?vrealloc@?$vector@Uentity@@@@QAEXXZ 0041f679 f i world.obj
 0001:0001e6c6       ?backup@@YAXPAD0@Z         0041f6c6 f   worldio.obj
 0001:0001e731       ?setnames@@YAXPBD0@Z       0041f731 f   worldio.obj
 0001:0001e8da       ?readushort@@YAGPAX@Z      0041f8da f   worldio.obj
 0001:0001e8f6       ?writeushort@@YAXPAXG@Z    0041f8f6 f   worldio.obj
 0001:0001e90b       ?savec@@YAXPAUcube@@PAX_N@Z 0041f90b f   worldio.obj
 0001:0001ec1a       ?loadc@@YAXPAXAAUcube@@@Z  0041fc1a f   worldio.obj
 0001:0001ef0e       ?loadchildren@@YAPAUcube@@PAX@Z 0041ff0e f   worldio.obj
 0001:0001ef40       ?save_world@@YAXPAD_N@Z    0041ff40 f   worldio.obj
 0001:0001f62d       ?swapXZ@@YAXPAUcube@@@Z    0042062d f   worldio.obj
 0001:0001f6e7       ?load_world@@YAXPBD0@Z     004206e7 f   worldio.obj
 0001:0002030b       ?savecurrentmap@@YAXXZ     0042130b f   worldio.obj
 0001:00020321       ?savemap@@YAXPAD@Z         00421321 f   worldio.obj
 0001:0002032f       ?writeobj@@YAXPAD@Z        0042132f f   worldio.obj
 0001:0002062f       ?add@?$vector@D@@QAEAADABD@Z 0042162f f i worldio.obj
 0001:0002062f       ?add@?$vector@E@@QAEAAEABE@Z 0042162f f i rendermodel.obj
 0001:0002065d       ?otherclients@@YA_N_N@Z    0042165d f   client.obj
 0001:0002068c       ?multiplayer@@YA_N_N@Z     0042168c f   client.obj
 0001:000206b3       ?setrate@@YAXH@Z           004216b3 f   client.obj
 0001:000206d5       ?var_rate@@YAXXZ           004216d5 f   client.obj
 0001:000206da       ?var_throttle_decel@@YAXXZ 004216da f   client.obj
 0001:000206da       ?var_throttle_interval@@YAXXZ 004216da f   client.obj
 0001:000206da       ?var_throttle_accel@@YAXXZ 004216da f   client.obj
 0001:000206df       ?throttle@@YAXXZ           004216df f   client.obj
 0001:000206fd       ?botabortconnect@@YAXPAUbot@@@Z 004216fd f   client.obj
 0001:00020728       ?botconnects@@YAXPAUbot@@PAD@Z 00421728 f   client.obj
 0001:000207e6       ?botdisconnect@@YAXPAUbot@@H@Z 004217e6 f   client.obj
 0001:00020896       ?botc2sinfo@@YAXPAUbot@@H@Z 00421896 f   client.obj
 0001:0002092f       ?botgets2c@@YAXPAUbot@@@Z  0042192f f   client.obj
 0001:00020ac1       ?botadd@@YAXXZ             00421ac1 f   client.obj
 0001:00020b66       ?abortconnect@@YAXXZ       00421b66 f   client.obj
 0001:00020ba4       ?connects@@YAXPAD@Z        00421ba4 f   client.obj
 0001:00020c8d       ?lanconnect@@YAXXZ         00421c8d f   client.obj
 0001:00020c96       ?disconnect@@YAXHH@Z       00421c96 f   client.obj
 0001:00020d4b       ?trydisconnect@@YAXXZ      00421d4b f   client.obj
 0001:00020d9a       ?sendpackettoserv@@YAXPAU_ENetPacket@@H@Z 00421d9a f   client.obj
 0001:00020dcc       ?c2sinfo@@YAXPAUdynent@@H@Z 00421dcc f   client.obj
 0001:00020eaf       ?neterr@@YAXPAD@Z          00421eaf f   client.obj
 0001:00020eca       ?localservertoclient@@YAXHPAEH@Z 00421eca f   client.obj
 0001:00020ef5       ?clientkeepalive@@YAXXZ    00421ef5 f   client.obj
 0001:00020f3b       ?connected@@YAXXZ          00421f3b f   client.obj
 0001:00020f4e       ?gets2c@@YAXXZ             00421f4e f   client.obj
 0001:000210e5       ?add@?$vector@PAUbot@@@@QAEAAPAUbot@@ABQAU2@@Z 004220e5 f i client.obj
 0001:00021128       ?vrealloc@?$vector@PAUbot@@@@QAEXXZ 00422128 f i client.obj
 0001:00021175       ?registergame@@YAXPADPAUigame@@@Z 00422175 f   server.obj
 0001:000211db       ?initgame@@YAXPAD@Z        004221db f   server.obj
 0001:000212da       ?putint@@YAXAAU?$databuf@E@@H@Z 004222da f   server.obj
 0001:00021367       ?getint@@YAHAAU?$databuf@E@@@Z 00422367 f   server.obj
 0001:000213cc       ?putuint@@YAXAAU?$databuf@E@@H@Z 004223cc f   server.obj
 0001:00021464       ?getuint@@YAHAAU?$databuf@E@@@Z 00422464 f   server.obj
 0001:000214cd       ?sendstring@@YAXPBDAAU?$databuf@E@@@Z 004224cd f   server.obj
 0001:000214ee       ?getstring@@YAXPADAAU?$databuf@E@@H@Z 004224ee f   server.obj
 0001:00021522       ?filtertext@@YAXPADPBD_NH@Z 00422522 f   server.obj
 0001:0002156a       ?sendfile@@YAXHHPAU_iobuf@@PBDZZ 0042256a f   server.obj
 0001:0002170c       ?getinfo@@YAPAXH@Z         0042270c f   server.obj
 0001:00021730       ?getclientip@@YAIH@Z       00422730 f   server.obj
 0001:00021754       ?sendpacket@@YAXHHPAU_ENetPacket@@H@Z 00422754 f   server.obj
 0001:000217e1       ?sendf@@YAXHHPBDZZ         004227e1 f   server.obj
 0001:00021971       ?disconnect_client@@YAXHH@Z 00422971 f   server.obj
 0001:00021a3b       ?process@@YAXPAU_ENetPacket@@HH@Z 00422a3b f   server.obj
 0001:00021a88       ?send_welcome@@YAXH@Z      00422a88 f   server.obj
 0001:00021af0       ?addclient@@YAAAUclient@@XZ 00422af0 f   server.obj
 0001:00021bdb       ?sendpongs@@YAXXZ          00422bdb f   server.obj
 0001:00021c8d       ?httpgetsend@@YAIAAU_ENetAddress@@PAD111PAU1@@Z 00422c8d f   server.obj
 0001:00021d34       ?httpgetreceive@@YA_NIAAUENetBuffer@@H@Z 00422d34 f   server.obj
 0001:00021d8c       ?stripheader@@YAPAEPAE@Z   00422d8c f   server.obj
 0001:00021db3       ?updatemasterserver@@YAXXZ 00422db3 f   server.obj
 0001:00021e60       ?checkmasterreply@@YAXXZ   00422e60 f   server.obj
 0001:00021e9f       ?retrieveservers@@YAPAEPAEH@Z 00422e9f f   server.obj
 0001:0002205c       ?serverslice@@YAXI@Z       0042305c f   server.obj
 0001:0002233a       ?localdisconnect@@YAXXZ    0042333a f   server.obj
 0001:000223aa       ?localconnect@@YAXXZ       004233aa f   server.obj
 0001:000223ce       ?initserver@@YAX_N@Z       004233ce f   server.obj
 0001:00022556       ?serveroption@@YA_NPAD@Z   00423556 f   server.obj
 0001:000225dc       ??0?$vector@H@@QAE@XZ      004235dc f i lightmap.obj
 0001:000225dc       ??0?$vector@PAUoctaentities@@@@QAE@XZ 004235dc f i octarender.obj
 0001:000225dc       ??0?$vector@PAUfpsent@@@@QAE@XZ 004235dc f i fps.obj
 0001:000225dc       ??0?$vector@PAD@@QAE@XZ    004235dc f i server.obj
 0001:000225f4       ?get@?$databuf@E@@QAEABEXZ 004235f4 f i server.obj
 0001:0002260f       ?put@?$databuf@E@@QAEXABE@Z 0042360f f i server.obj
 0001:00022629       ?put@?$databuf@E@@QAEXPBEH@Z 00423629 f i server.obj
 0001:00022667       ?find@?$hashtable@PADPAUigame@@@@QAEPAUchain@1@ABQAD_N@Z 00423667 f i server.obj
 0001:00022723       ?newstring@@YAPADPBDI@Z    00423723 f i serverbrowser.obj
 0001:0002273e       ?resolverloop@@YAHPAX@Z    0042373e f   serverbrowser.obj
 0001:00022869       ?resolverinit@@YAXXZ       00423869 f   serverbrowser.obj
 0001:00022920       ?resolverstop@@YAXAAUresolverthread@@@Z 00423920 f   serverbrowser.obj
 0001:0002295e       ?resolverclear@@YAXXZ      0042395e f   serverbrowser.obj
 0001:000229ca       ?resolverquery@@YAXPBD@Z   004239ca f   serverbrowser.obj
 0001:00022a0c       ?resolvercheck@@YA_NPAPBDPAU_ENetAddress@@@Z 00423a0c f   serverbrowser.obj
 0001:00022aa9       ?resolverwait@@YA_NPBDPAU_ENetAddress@@@Z 00423aa9 f   serverbrowser.obj
 0001:00022c63       ?connectthread@@YAHPAX@Z   00423c63 f   serverbrowser.obj
 0001:00022d1c       ?connectwithtimeout@@YAHIPADAAU_ENetAddress@@@Z 00423d1c f   serverbrowser.obj
 0001:00022e9d       ?addserver@@YAXPAD@Z       00423e9d f   serverbrowser.obj
 0001:00022f24       ?pingservers@@YAXXZ        00423f24 f   serverbrowser.obj
 0001:00022fef       ?checkresolver@@YAXXZ      00423fef f   serverbrowser.obj
 0001:000230c7       ?checkpings@@YAXXZ         004240c7 f   serverbrowser.obj
 0001:00023222       ?sicompare@@YAHPAUserverinfo@@0@Z 00424222 f   serverbrowser.obj
 0001:00023236       ?refreshservers@@YAXXZ     00424236 f   serverbrowser.obj
 0001:00023273       ?showservers@@YAPBDPAUg3d_gui@@@Z 00424273 f   serverbrowser.obj
 0001:000232b1       ?updatefrommaster@@YAXXZ   004242b1 f   serverbrowser.obj
 0001:00023349       ?writeservercfg@@YAXXZ     00424349 f   serverbrowser.obj
 0001:000233aa       ?add@?$vector@Userverinfo@@@@QAEAAUserverinfo@@XZ 004243aa f i serverbrowser.obj
 0001:0002341c       ?setsize@?$vector@Userverinfo@@@@QAEXH@Z 0042441c f i serverbrowser.obj
 0001:00023461       ?vrealloc@?$vector@Uresolverresult@@@@QAEXXZ 00424461 f i serverbrowser.obj
 0001:000234ae       ?vrealloc@?$vector@Userverinfo@@@@QAEXXZ 004244ae f i serverbrowser.obj
 0001:00023501       _enet_malloc               00424501 f   callbacks.obj
 0001:0002351d       _enet_host_create          0042451d f   host.obj
 0001:000236bf       _enet_host_destroy         004246bf f   host.obj
 0001:00023709       _enet_host_connect         00424709 f   host.obj
 0001:00023886       _enet_host_bandwidth_throttle 00424886 f   host.obj
 0001:00023b89       _enet_packet_create        00424b89 f   packet.obj
 0001:00023bde       _enet_packet_destroy       00424bde f   packet.obj
 0001:00023c02       _enet_packet_resize        00424c02 f   packet.obj
 0001:00023c42       _enet_peer_throttle_configure 00424c42 f   peer.obj
 0001:00023c99       _enet_peer_throttle        00424c99 f   peer.obj
 0001:00023cee       _enet_peer_send            00424cee f   peer.obj
 0001:00023e52       _enet_peer_receive         00424e52 f   peer.obj
 0001:00023f81       _enet_peer_reset_queues    00424f81 f   peer.obj
 0001:0002401e       _enet_peer_reset           0042501e f   peer.obj
 0001:000240f2       _enet_peer_disconnect      004250f2 f   peer.obj
 0001:0002417f       _enet_peer_queue_acknowledgement 0042517f f   peer.obj
 0001:000241b7       _enet_peer_queue_outgoing_command 004251b7 f   peer.obj
 0001:000242ac       _enet_peer_queue_incoming_command 004252ac f   peer.obj
 0001:00025c63       _enet_host_flush           00426c63 f   protocol.obj
 0001:00025c79       _enet_host_service         00426c79 f   protocol.obj
 0001:00025df5       _enet_initialize           00426df5 f   win32.obj
 0001:00025e3a       _enet_time_get             00426e3a f   win32.obj
 0001:00025e47       _enet_address_set_host     00426e47 f   win32.obj
 0001:00025e7a       _enet_address_get_host_ip  00426e7a f   win32.obj
 0001:00025ea0       _enet_socket_create        00426ea0 f   win32.obj
 0001:00025f23       _enet_socket_set_option    00426f23 f   win32.obj
 0001:00025f89       _enet_socket_connect       00426f89 f   win32.obj
 0001:00025fca       _enet_socket_send          00426fca f   win32.obj
 0001:0002603a       _enet_socket_receive       0042703a f   win32.obj
 0001:000260c0       _enet_socket_wait          004270c0 f   win32.obj
 0001:00026170       ??1g3d_gui@@UAE@XZ         00427170 f i 3dgui.obj
 0001:00026177       ??3@YAXPAX0@Z              00427177 f i lightmap.obj
 0001:00026177       ?poplist@g3d_gui@@UAEXXZ   00427177 f i 3dgui.obj
 0001:00026177       ?adddynlights@igameclient@@UAEXXZ 00427177 f i fps.obj
 0001:00026177       ?setupcamera@fpsclient@@UAEXXZ 00427177 f i fps.obj
 0001:00026177       ?endrender@model@@UAEXXZ   00427177 f i rendermodel.obj
 0001:00026177       ?pushlist@g3d_gui@@UAEXXZ  00427177 f i 3dgui.obj
 0001:00026177       ?intermission@servmode@fpsserver@@UAEXXZ 00427177 f i fps.obj
 0001:00026177       ?update@servmode@fpsserver@@UAEXXZ 00427177 f i fps.obj
 0001:00026177       ?intermission@duelservmode@fpsserver@@UAEXXZ 00427177 f i fps.obj
 0001:00026177       ?setupcamera@igameclient@@UAEXXZ 00427177 f i fps.obj
 0001:00026177       ?startrender@model@@UAEXXZ 00427177 f i rendermodel.obj
 0001:00026177       ?fixview@igameclient@@UAEXXZ 00427177 f i fps.obj
 0001:00026178       ??_Gg3d_gui@@UAEPAXI@Z     00427178 f i 3dgui.obj
 0001:00026178       ??_Eg3d_gui@@UAEPAXI@Z     00427178 f i  CIL library: CIL module
 0001:00026195       ?menukey@@YA_NH_NH@Z       00427195 f   3dgui.obj
 0001:00026330       ?g3d_movecursor@@YA_NHH@Z  00427330 f   3dgui.obj
 0001:000263cf       ?autotab@gui@@QAEXXZ       004273cf f i 3dgui.obj
 0001:0002642e       ?visible@gui@@QAE_NXZ      0042742e f i 3dgui.obj
 0001:00026451       ?tab@gui@@UAEXPBDH@Z       00427451 f i 3dgui.obj
 0001:000265e8       ?pushlist@gui@@UAEXXZ      004275e8 f i 3dgui.obj
 0001:0002669c       ?poplist@gui@@UAEXXZ       0042769c f i 3dgui.obj
 0001:00026724       ?text@gui@@UAEHPBDH0@Z     00427724 f i 3dgui.obj
 0001:00026746       ?button@gui@@UAEHPBDH0@Z   00427746 f i 3dgui.obj
 0001:00026768       ?title@gui@@UAEHPBDH0@Z    00427768 f i 3dgui.obj
 0001:0002678a       ?separator@gui@@UAEXXZ     0042778a f i 3dgui.obj
 0001:000267a3       ?progress@gui@@UAEXM@Z     004277a3 f i 3dgui.obj
 0001:000267ce       ?strut@gui@@UAEXH@Z        004277ce f i 3dgui.obj
 0001:0002680a       ?space@gui@@UAEXH@Z        0042780a f i 3dgui.obj
 0001:00026846       ?layout@gui@@QAEHHH@Z      00427846 f i 3dgui.obj
 0001:000268ce       ?ishit@gui@@QAE_NHHHH@Z    004278ce f i 3dgui.obj
 0001:0002694f       ?image@gui@@UAEHPBDM_N@Z   0042794f f i 3dgui.obj
 0001:000269fc       ?texture@gui@@UAEHPAUTexture@@M@Z 004279fc f i 3dgui.obj
 0001:00026a91       ?slider@gui@@UAEXAAHHHHPAD@Z 00427a91 f i 3dgui.obj
 0001:00026c47       ?field@gui@@UAEPADPADHH0@Z 00427c47 f i 3dgui.obj
 0001:00026fc7       ?rect_@gui@@QAEXMMMMH@Z    00427fc7 f i 3dgui.obj
 0001:000270a5       ?text_@gui@@QAEXPBDHHH_N@Z 004280a5 f i 3dgui.obj
 0001:000270f1       ?background@gui@@UAEXHHH@Z 004280f1 f i 3dgui.obj
 0001:000271f0       ?icon_@gui@@QAEXPAUTexture@@_N1HHH1@Z 004281f0 f i 3dgui.obj
 0001:0002753b       ?line_@gui@@QAEXHM@Z       0042853b f i 3dgui.obj
 0001:00027765       ?button_@gui@@QAEHPBDH0_N1@Z 00428765 f i 3dgui.obj
 0001:000278ce       ?skin_@gui@@QAEXHHHHHH@Z   004288ce f i 3dgui.obj
 0001:00027bc3       ?adjustscale@gui@@QAEXXZ   00428bc3 f i 3dgui.obj
 0001:00027cd3       ?start@gui@@UAEXHMPAH_N@Z  00428cd3 f i 3dgui.obj
 0001:00027e98       ?end@gui@@UAEXXZ           00428e98 f i 3dgui.obj
 0001:00028066       ?g3d_addgui@@YAXPAUg3d_callback@@AAUvec@@_N@Z 00429066 f   3dgui.obj
 0001:000280b8       ?g3d_sort@@YAHPAUgui@@0@Z  004290b8 f   3dgui.obj
 0001:000280db       ?g3d_windowhit@@YA_N_N0@Z  004290db f   3dgui.obj
 0001:00028112       ?g3d_render@@YAXXZ         00429112 f   3dgui.obj
 0001:000282f3       ?add@?$vector@Ugui@@@@QAEAAUgui@@XZ 004292f3 f i 3dgui.obj
 0001:00028362       ?setsize@?$vector@Ugui@@@@QAEXH@Z 00429362 f i 3dgui.obj
 0001:0002838a       ??_Ggui@@UAEPAXI@Z         0042938a f i 3dgui.obj
 0001:0002838a       ??_Egui@@UAEPAXI@Z         0042938a f i  CIL library: CIL module
 0001:000283c3       ?vrealloc@?$vector@Ulist@gui@@@@QAEXXZ 004293c3 f i 3dgui.obj
 0001:00028410       ?vrealloc@?$vector@Ugui@@@@QAEXXZ 00429410 f i 3dgui.obj
 0001:0002845d       ?triintersect@BIH@@SA_NAAUtri@1@ABUvec@@1MAAMH@Z 0042945d f   bih.obj
 0001:00028674       ?traverse@BIH@@QAE_NABUvec@@0MAAMH@Z 00429674 f   bih.obj
 0001:00028c58       ?build@BIH@@QAEXAAU?$vector@UBIHNode@@@@PAGHH@Z 00429c58 f   bih.obj
 0001:00029235       ??0BIH@@QAE@HPAUtri@0@@Z   0042a235 f   bih.obj
 0001:00029448       ?mmintersect@@YA_NABUextentity@@ABUvec@@1MHAAM@Z 0042a448 f   bih.obj
 0001:00029f66       ?collide@BIH@@QAE_NABUvec@@00MAAU2@@Z 0042af66 f   bih.obj
 0001:0002a219       ?rotatebb@@YAXAAUvec@@0H@Z 0042b219 f   bih.obj
 0001:0002a5d5       ?mmcollide@@YA_NPAUphysent@@ABUvec@@MAAUoctaentities@@AAU2@@Z 0042b5d5 f   bih.obj
 0001:0002a804       ?add@?$vector@PAUBIHNode@@@@QAEAAPAUBIHNode@@ABQAU2@@Z 0042b804 f i bih.obj
 0001:0002a847       ?vrealloc@?$vector@UBIHStack@@@@QAEXXZ 0042b847 f i bih.obj
 0001:0002a894       ?vrealloc@?$vector@PAUBIHNode@@@@QAEXXZ 0042b894 f i bih.obj
 0001:0002a8e1       _fmodf                     0042b8e1 f i grass.obj
 0001:0002a904       ?fmod@@YAMMM@Z             0042b904 f i grass.obj
 0001:0002a91f       ?var_grassgrid@@YAXXZ      0042b91f f   grass.obj
 0001:0002a96c       ?gengrasssample@@YAXPAUvtxarray@@ABUvec@@MMPAULightMap@@@Z 0042b96c f   grass.obj
 0001:0002aa35       ?gengrassheader@@YA_NPAUvtxarray@@PBUvec@@@Z 0042ba35 f   grass.obj
 0001:0002ab96       ?gengrasssamples@@YAXPAUvtxarray@@PBUvec@@PAMPAULightMap@@@Z 0042bb96 f   grass.obj
 0001:0002b2c1       ?gengrasssamples@@YAXPAUvtxarray@@@Z 0042c2c1 f   grass.obj
 0001:0002b4ba       ?loddist@@YAMABUvec@@@Z    0042c4ba f   grass.obj
 0001:0002b546       ?rendergrasssample@@YAXABUgrasssample@@ABUvec@@MHMH@Z 0042c546 f   grass.obj
 0001:0002ba74       ?rendergrasssamples@@YAXPAUvtxarray@@ABUvec@@@Z 0042ca74 f   grass.obj
 0001:0002be14       ?setupgrass@@YAXXZ         0042ce14 f   grass.obj
 0001:0002bec4       ?cleanupgrass@@YAXXZ       0042cec4 f   grass.obj
 0001:0002bf08       ?rendergrass@@YAXXZ        0042cf08 f   grass.obj
 0001:0002c038       ?add@?$vector@Ugrasssample@@@@QAEAAUgrasssample@@XZ 0042d038 f i grass.obj
 0001:0002c058       ?vrealloc@?$vector@Ugrasssample@@@@QAEXXZ 0042d058 f i grass.obj
 0001:0002c09e       ?compressfind@unionfind@@QAEHH@Z 0042d09e f i material.obj
 0001:0002c0bd       ?unite@unionfind@@QAEXHH@Z 0042d0bd f i material.obj
 0001:0002c18e       ??1QuadNode@@QAE@XZ        0042d18e f i material.obj
 0001:0002c1b8       ?insert@QuadNode@@QAEXHHH@Z 0042d1b8 f i material.obj
 0001:0002c2c9       ?genmatsurf@QuadNode@@QAEXEEHHHHAAPAUmaterialsurface@@@Z 0042d2c9 f i material.obj
 0001:0002c310       ?genmatsurfs@QuadNode@@QAEXEEHAAPAUmaterialsurface@@@Z 0042d310 f i material.obj
 0001:0002c3b3       ?renderwaterfall@@YAXAAUmaterialsurface@@PAUTexture@@MME@Z 0042d3b3 f   material.obj
 0001:0002c585       ?drawmaterial@@YAXHHHHHHM@Z 0042d585 f   material.obj
 0001:0002c671       ?findmaterial@@YAHPBD@Z    0042d671 f   material.obj
 0001:0002c69f       ?visiblematerial@@YAHAAUcube@@HHHHH@Z 0042d69f f   material.obj
 0001:0002c73b       ?genmatsurfs@@YAXAAUcube@@HHHHAAU?$vector@Umaterialsurface@@@@@Z 0042d73b f   material.obj
 0001:0002ca52       ?optimizematsurfs@@YAHPAUmaterialsurface@@H@Z 0042da52 f   material.obj
 0001:0002cc36       ?setupmaterials@@YAXXZ     0042dc36 f   material.obj
 0001:0002d2a8       ??1unionfind@@QAE@XZ       0042e2a8 f i material.obj
 0001:0002d2a8       ??1nval@@QAE@XZ            0042e2a8 f i normal.obj
 0001:0002d42a       ?sortmaterials@@YAXAAU?$vector@PAUmaterialsurface@@@@M_N@Z 0042e42a f   material.obj
 0001:0002d642       ?rendermatgrid@@YAXAAU?$vector@PAUmaterialsurface@@@@@Z 0042e642 f   material.obj
 0001:0002d6f2       ?drawglass@@YAXHHHHHHM@Z   0042e6f2 f   material.obj
 0001:0002d83d       ?rendermaterials@@YAXM_N@Z 0042e83d f   material.obj
 0001:0002e243       ??0?$hashtable@PADPAUigame@@@@QAE@H@Z 0042f243 f i server.obj
 0001:0002e243       ??0?$hashtable@PADU?$tident@X@@@@QAE@H@Z 0042f243 f i command.obj
 0001:0002e243       ??0?$hashtable@Uivec@@H@@QAE@H@Z 0042f243 f i material.obj
 0001:0002e284       ?rotate_around_x@vec@@QAEXM@Z 0042f284 f i rendergl.obj
 0001:0002e2eb       ?rotate_around_y@vec@@QAEXM@Z 0042f2eb f i rendergl.obj
 0001:0002e351       ?gl_init@@YAXHHHHH@Z       0042f351 f   rendergl.obj
 0001:0002ecf4       ?transplayer@@YAXXZ        0042fcf4 f   rendergl.obj
 0001:0002edc8       ?var_thirdpersonheight@@YAXXZ 0042fdc8 f   rendergl.obj
 0001:0002edc8       ?var_thirdpersonscale@@YAXXZ 0042fdc8 f   rendergl.obj
 0001:0002edc8       ?var_thirdpersondistance@@YAXXZ 0042fdc8 f   rendergl.obj
 0001:0002edc8       ?var_thirdperson@@YAXXZ    0042fdc8 f   rendergl.obj
 0001:0002edc8       ?var_thirdpersonstick@@YAXXZ 0042fdc8 f   rendergl.obj
 0001:0002edc8       ?var_fov@@YAXXZ            0042fdc8 f   rendergl.obj
 0001:0002edd6       ?isthirdperson@@YA_NXZ     0042fdd6 f   rendergl.obj
 0001:0002ee0d       ?project@@YAXMMH_N0@Z      0042fe0d f   rendergl.obj
 0001:0002ee9b       ?genclipmatrix@@YAXMMMMQAM@Z 0042fe9b f   rendergl.obj
 0001:0002efa8       ?setclipmatrix@@YAXQAM@Z   0042ffa8 f   rendergl.obj
 0001:0002efcf       ?undoclipmatrix@@YAXXZ     0042ffcf f   rendergl.obj
 0001:0002efec       ?setfogplane@@YAXMM_N@Z    0042ffec f   rendergl.obj
 0001:0002f089       ?drawreflection@@YAXM_N0@Z 00430089 f   rendergl.obj
 0001:0002f6e3       ?drawcubemap@@YAXHABUvec@@MM@Z 004306e3 f   rendergl.obj
 0001:0002f8c1       ?gl_drawframe@@YAXHH@Z     004308c1 f   rendergl.obj
 0001:0002fc93       ?loadcrosshair@@YAXPBD@Z   00430c93 f   rendergl.obj
 0001:0002fcc7       ?drawcrosshair@@YAXHH@Z    00430cc7 f   rendergl.obj
 0001:0002fef5       ?gl_drawhud@@YAXHHH@Z      00430ef5 f   rendergl.obj
 0001:00030379       ?renderprimitive@@YAX_N@Z  00431379 f   rendergl.obj
 0001:000303e3       ?renderline@@YAXAAUvec@@0MMM_N@Z 004313e3 f   rendergl.obj
 0001:0003052c       ?rendertris@@YAXAAUvec@@MMMMMM_N1@Z 0043152c f   rendergl.obj
 0001:00030916       ?renderlineloop@@YAXAAUvec@@MMMMHMMM_N@Z 00431916 f   rendergl.obj
 0001:00030acc       ?renderentdir@@YAXAAUvec@@MM_N@Z 00431acc f   rendergl.obj
 0001:00030be4       ?renderentradius@@YAXAAUvec@@MM_N@Z 00431be4 f   rendergl.obj
 0001:00030c8e       ?rendericon@@YA_NPBDHHHH@Z 00431c8e f   rendergl.obj
 0001:00030d47       ?getlos@@YA_NAAUvec@@0MMMMM@Z 00431d47 f   rendergl.obj
 0001:00030e5e       ?getsight@@YA_NPAUphysent@@AAUvec@@1MMM@Z 00431e5e f   rendergl.obj
 0001:00030eaf       ?titlecard@@YA_NHHH@Z      00431eaf f   rendergl.obj
 0001:00031034       ??9animstate@@QBE_NABU0@@Z 00432034 f i rendermodel.obj
 0001:0003107a       ??1model@@UAE@XZ           0043207a f i rendermodel.obj
 0001:000310bd       ?boundsphere@model@@QAEMHAAUvec@@PAUmodelattach@@@Z 004320bd f i rendermodel.obj
 0001:000310ea       ??_Gmodel@@UAEPAXI@Z       004320ea f i rendermodel.obj
 0001:000310ea       ??_Emodel@@UAEPAXI@Z       004320ea f i  CIL library: CIL module
 0001:00031106       ?link@triangle@tristrip@@QAE_NGG@Z 00432106 f i rendermodel.obj
 0001:00031146       ?addtriangles@tristrip@@QAEXPBGH@Z 00432146 f i rendermodel.obj
 0001:00031225       ?findconnectivity@tristrip@@QAEXXZ 00432225 f i rendermodel.obj
 0001:000314a4       ?removeconnectivity@tristrip@@QAEXG@Z 004324a4 f i rendermodel.obj
 0001:00031554       ?findedge@tristrip@@QAEHABUtriangle@1@0G@Z 00432554 f i rendermodel.obj
 0001:00031585       ?nexttriangle@tristrip@@QAEGAAUtriangle@1@AA_NGG@Z 00432585 f i rendermodel.obj
 0001:000316da       ?buildstrip@tristrip@@QAEXAAU?$vector@G@@_N1@Z 004326da f i rendermodel.obj
 0001:00031878       ?buildstrips@tristrip@@QAEXAAU?$vector@G@@_N1@Z 00432878 f i rendermodel.obj
 0001:000319cc       ?setframes@anpos@vertmodel@@QAEXABUanimstate@@@Z 004329cc f i rendermodel.obj
 0001:00031a8a       ??8anpos@vertmodel@@QBE_NABU01@@Z 00432a8a f i rendermodel.obj
 0001:00031ab5       ??9anpos@vertmodel@@QBE_NABU01@@Z 00432ab5 f i rendermodel.obj
 0001:00031ae0       ?envmapped@skin@vertmodel@@QAE_NXZ 00432ae0 f i rendermodel.obj
 0001:00031b16       ?normals@skin@vertmodel@@QAE_NXZ 00432b16 f i rendermodel.obj
 0001:00031b46       ?setuptmus@skin@vertmodel@@QAEXAAUanimstate@@_N@Z 00432b46 f i rendermodel.obj
 0001:00032104       ?setshader@skin@vertmodel@@QAEXAAUanimstate@@_N@Z 00433104 f i rendermodel.obj
 0001:00032476       ?bind@skin@vertmodel@@QAEXAAUanimstate@@@Z 00433476 f i rendermodel.obj
 0001:00032821       ??0mesh@vertmodel@@QAE@XZ  00433821 f i rendermodel.obj
 0001:0003284c       ??1mesh@vertmodel@@QAE@XZ  0043384c f i rendermodel.obj
 0001:000328d6       ?copy@mesh@vertmodel@@QAEPAU12@XZ 004338d6 f i rendermodel.obj
 0001:000329d3       ?calcbb@mesh@vertmodel@@QAEXHAAUvec@@0QAM@Z 004339d3 f i rendermodel.obj
 0001:00032a85       ?gentris@mesh@vertmodel@@QAEXHPAUTexture@@AAU?$vector@Utri@BIH@@@@QAM@Z 00433a85 f i rendermodel.obj
 0001:00032c4f       ?genstripbuf@mesh@vertmodel@@QAEXXZ 00433c4f f i rendermodel.obj
 0001:00032d7f       ?genvbo@mesh@vertmodel@@QAEHAAU?$vector@G@@HAAU?$vector@Uvvert@vertmodel@@@@_N@Z 00433d7f f i rendermodel.obj
 0001:00032f75       ?interpverts@mesh@vertmodel@@QAEXAAUanpos@2@PAU32@M_NPAXAAUskin@2@@Z 00433f75 f i rendermodel.obj
 0001:00033c2d       ?render@mesh@vertmodel@@QAEXAAUanimstate@@AAUanpos@2@PAU42@MAAUskin@2@PAUvbocacheentry@2@@Z 00434c2d f i rendermodel.obj
 0001:000342e5       ??0tag@vertmodel@@QAE@XZ   004352e5 f i rendermodel.obj
 0001:000342eb       ??1tag@vertmodel@@QAE@XZ   004352eb f i rendermodel.obj
 0001:00034300       ??0meshgroup@vertmodel@@QAE@XZ 00435300 f i rendermodel.obj
 0001:00034389       ??1meshgroup@vertmodel@@UAE@XZ 00435389 f i rendermodel.obj
 0001:0003447c       ?anyvert@meshgroup@vertmodel@@QAE?AUvec@@H@Z 0043547c f i rendermodel.obj
 0001:000344d3       ?copy@meshgroup@vertmodel@@QAEPAU12@XZ 004354d3 f i rendermodel.obj
 0001:0003463c       ?scaleverts@meshgroup@vertmodel@@QAEPAU12@MABUvec@@@Z 0043563c f i rendermodel.obj
 0001:000347b1       ?concattagtransform@meshgroup@vertmodel@@QAEXHHQAM0@Z 004357b1 f i rendermodel.obj
 0001:00034841       ?calctagmatrix@meshgroup@vertmodel@@QAEXHABUanpos@2@PBU32@MPAM@Z 00435841 f i rendermodel.obj
 0001:00034a61       ?genvbo@meshgroup@vertmodel@@QAEX_NAAUvbocacheentry@2@@Z 00435a61 f i rendermodel.obj
 0001:00034c59       ?bindvbo@meshgroup@vertmodel@@QAEXAAUanimstate@@AAUvbocacheentry@2@@Z 00435c59 f i rendermodel.obj
 0001:00034d2b       ?render@meshgroup@vertmodel@@QAEXAAUanimstate@@AAUanpos@2@PAU42@MAAU?$vector@Uskin@vertmodel@@@@@Z 00435d2b f i rendermodel.obj
 0001:000350e3       ??0part@vertmodel@@QAE@XZ  004360e3 f i rendermodel.obj
 0001:00035158       ??1part@vertmodel@@UAE@XZ  00436158 f i rendermodel.obj
 0001:000351d9       ?calcbb@part@vertmodel@@QAEXHAAUvec@@0QAM@Z 004361d9 f i rendermodel.obj
 0001:0003526f       ?gentris@part@vertmodel@@QAEXHAAU?$vector@Utri@BIH@@@@QAM@Z 0043626f f i rendermodel.obj
 0001:00035305       ?link@part@vertmodel@@QAE_NPAU12@PBDHH@Z 00436305 f i rendermodel.obj
 0001:000353f8       ?initskins@part@vertmodel@@QAEXPAUTexture@@0@Z 004363f8 f i rendermodel.obj
 0001:0003550f       ?getdefaultanim@part@vertmodel@@UAEXAAUanimstate@@HHPAUdynent@@@Z 0043650f f i rendermodel.obj
 0001:00035521       ?calcanimstate@part@vertmodel@@QAE_NHHMHPAUdynent@@AAUanimstate@@@Z 00436521 f i rendermodel.obj
 0001:0003578c       ?calcnormal@part@vertmodel@@QAEXPAMAAUvec@@@Z 0043678c f i rendermodel.obj
 0001:000357e9       ?calcvertex@part@vertmodel@@QAEXPAMAAUvec@@@Z 004367e9 f i rendermodel.obj
 0001:00035861       ?calcpitchaxis@part@vertmodel@@QAEMHMAAUvec@@00AAUplane@@@Z 00436861 f i rendermodel.obj
 0001:0003598a       ?render@part@vertmodel@@QAEXHHMHMABUvec@@PAUdynent@@00ABUplane@@@Z 0043698a f i rendermodel.obj
 0001:00035f4b       ?setanim@part@vertmodel@@QAEXHHHMH@Z 00436f4b f i rendermodel.obj
 0001:0003601f       ??0vertmodel@@QAE@PBD@Z    0043701f f i rendermodel.obj
 0001:000360d0       ??1vertmodel@@UAE@XZ       004370d0 f i rendermodel.obj
 0001:00036147       ?name@vertmodel@@UAEPADXZ  00437147 f i rendermodel.obj
 0001:0003614b       ?loadmeshes@vertmodel@@UAEPAUmeshgroup@1@PAD@Z 0043714b f i rendermodel.obj
 0001:00036150       ?sharemeshes@vertmodel@@QAEPAUmeshgroup@1@PAD@Z 00437150 f i rendermodel.obj
 0001:000361cc       ?gentris@vertmodel@@QAEXHAAU?$vector@Utri@BIH@@@@@Z 004371cc f i rendermodel.obj
 0001:00036217       ?setBIH@vertmodel@@UAEPAUBIH@@XZ 00437217 f i rendermodel.obj
 0001:000362ac       ?calcbb@vertmodel@@UAEXHAAUvec@@0@Z 004372ac f i rendermodel.obj
 0001:0003638d       ?link@vertmodel@@QAE_NPAUpart@1@PBDHH@Z 0043738d f i rendermodel.obj
 0001:000363c8       ?setskin@vertmodel@@UAEXH@Z 004373c8 f i rendermodel.obj
 0001:000363fe       ?envmapped@vertmodel@@UAE_NXZ 004373fe f i rendermodel.obj
 0001:0003645e       ?setshader@vertmodel@@UAEXPAUShader@@@Z 0043745e f i rendermodel.obj
 0001:000364a1       ?setenvmap@vertmodel@@UAEXMMPAUTexture@@@Z 004374a1 f i rendermodel.obj
 0001:00036504       ?setspec@vertmodel@@UAEXM@Z 00437504 f i rendermodel.obj
 0001:00036545       ?setambient@vertmodel@@UAEXM@Z 00437545 f i rendermodel.obj
 0001:00036586       ?setglow@vertmodel@@UAEXM@Z 00437586 f i rendermodel.obj
 0001:000365c7       ?setalphatest@vertmodel@@UAEXM@Z 004375c7 f i rendermodel.obj
 0001:00036608       ?setalphablend@vertmodel@@UAEX_N@Z 00437608 f i rendermodel.obj
 0001:0003664b       ?settranslucency@vertmodel@@UAEXM@Z 0043764b f i rendermodel.obj
 0001:0003668c       ?setfullbright@vertmodel@@UAEXM@Z 0043768c f i rendermodel.obj
 0001:000366cd       ?render@vertmodel@@UAEXHHMHMABUvec@@PAUdynent@@PAUmodelattach@@00ABUplane@@@Z 004376cd f i rendermodel.obj
 0001:000366d0       ?render@vertmodel@@UAEXHHMHABUvec@@MMPAUdynent@@PAUmodelattach@@00@Z 004376d0 f i rendermodel.obj
 0001:00036afe       ?startrender@vertmodel@@UAEXXZ 00437afe f i rendermodel.obj
 0001:00036bb4       ?disablemtc@vertmodel@@SAXXZ 00437bb4 f i rendermodel.obj
 0001:00036bdd       ?disabletc@vertmodel@@SAXXZ 00437bdd f i rendermodel.obj
 0001:00036c09       ?disablevbo@vertmodel@@SAXXZ 00437c09 f i rendermodel.obj
 0001:00036c44       ?disableglow@vertmodel@@SAXXZ 00437c44 f i rendermodel.obj
 0001:00036c8d       ?disableenvmap@vertmodel@@SAXXZ 00437c8d f i rendermodel.obj
 0001:00036cd8       ?endrender@vertmodel@@UAEXXZ 00437cd8 f i rendermodel.obj
 0001:00036d4c       ??1tristrip@@QAE@XZ        00437d4c f i rendermodel.obj
 0001:00036da5       ??_Gmeshgroup@vertmodel@@UAEPAXI@Z 00437da5 f i rendermodel.obj
 0001:00036da5       ??_Emeshgroup@vertmodel@@UAEPAXI@Z 00437da5 f i  CIL library: CIL module
 0001:00036dc1       ??_Gpart@vertmodel@@UAEPAXI@Z 00437dc1 f i rendermodel.obj
 0001:00036dc1       ??_Epart@vertmodel@@UAEPAXI@Z 00437dc1 f i  CIL library: CIL module
 0001:00036ddd       ??_Gvertmodel@@UAEPAXI@Z   00437ddd f i rendermodel.obj
 0001:00036ddd       ??_Evertmodel@@UAEPAXI@Z   00437ddd f i  CIL library: CIL module
 0001:00036dfa       ?localplayers@igameclient@@UAEHXZ 00437dfa f i fps.obj
 0001:00036dfa       ?numchannels@iclientcom@@UAEHXZ 00437dfa f i fps.obj
 0001:00036dfa       ?type@md2@@UAEHXZ          00437dfa f i rendermodel.obj
 0001:00036dfe       ?gentcverts@md2meshgroup@md2@@QAEXPAHAAU?$vector@Utcvert@vertmodel@@@@AAU?$vector@Utri@vertmodel@@@@@Z 00437dfe f i rendermodel.obj
 0001:0003706d       ?load@md2meshgroup@md2@@QAE_NPAD@Z 0043806d f i rendermodel.obj
 0001:000374a6       ?getdefaultanim@md2part@md2@@UAEXAAUanimstate@@HHPAUdynent@@@Z 004384a6 f i rendermodel.obj
 0001:00037502       ?render@md2@@UAEXHHMHMABUvec@@PAUdynent@@PAUmodelattach@@00ABUplane@@@Z 00438502 f i rendermodel.obj
 0001:000375c0       ?extendbb@md2@@UAEXHAAUvec@@0AAUmodelattach@@@Z 004385c0 f i rendermodel.obj
 0001:00037699       ?loadmeshes@md2@@UAEPAUmeshgroup@vertmodel@@PAD@Z 00438699 f i rendermodel.obj
 0001:00037708       ?load@md2@@UAE_NXZ         00438708 f i rendermodel.obj
 0001:00037907       ??_Gmd3@@UAEPAXI@Z         00438907 f i rendermodel.obj
 0001:00037907       ??_Emd3@@UAEPAXI@Z         00438907 f i  CIL library: CIL module
 0001:00037907       ??_Gmd2@@UAEPAXI@Z         00438907 f i rendermodel.obj
 0001:00037907       ??_Emd2@@UAEPAXI@Z         00438907 f i  CIL library: CIL module
 0001:00037940       ??_Gmd2part@md2@@UAEPAXI@Z 00438940 f i rendermodel.obj
 0001:00037940       ??_Emd2part@md2@@UAEPAXI@Z 00438940 f i  CIL library: CIL module
[...]
 0001:000794f1       ??__E__dummy_add@@YAXXZ    0047a4f1 f    CIL library: CIL module
 0001:0007950e       ??__E__dummy_mul@@YAXXZ    0047a50e f    CIL library: CIL module
 0001:0007952b       ??__E__dummy_sub@@YAXXZ    0047a52b f    CIL library: CIL module
 0001:00079548       ??__E__dummy_divi@@YAXXZ   0047a548 f    CIL library: CIL module
 0001:00079565       ??__E__dummy_mod@@YAXXZ    0047a565 f    CIL library: CIL module
 0001:00079582       ??__E__dummy_equal@@YAXXZ  0047a582 f    CIL library: CIL module
 0001:0007959f       ??__E__dummy_nequal@@YAXXZ 0047a59f f    CIL library: CIL module
 0001:000795bc       ??__E__dummy_lt@@YAXXZ     0047a5bc f    CIL library: CIL module
 0001:000795d9       ??__E__dummy_gt@@YAXXZ     0047a5d9 f    CIL library: CIL module
 0001:000795f6       ??__E__dummy_lte@@YAXXZ    0047a5f6 f    CIL library: CIL module
 0001:00079613       ??__E__dummy_gte@@YAXXZ    0047a613 f    CIL library: CIL module
 0001:00079630       ??__E__dummy_xora@@YAXXZ   0047a630 f    CIL library: CIL module
 0001:0007964d       ??__E__dummy_nota@@YAXXZ   0047a64d f    CIL library: CIL module
 0001:0007966a       ??__E__dummy_anda@@YAXXZ   0047a66a f    CIL library: CIL module
 0001:00079687       ??__E__dummy_ora@@YAXXZ    0047a687 f    CIL library: CIL module
 0001:000796a4       ??__E__dummy_rndn@@YAXXZ   0047a6a4 f    CIL library: CIL module
 0001:000796c1       ??__E__dummy_strcmpa@@YAXXZ 0047a6c1 f    CIL library: CIL module
 0001:000796de       ??__Eicom_echo@@YAXXZ      0047a6de f    CIL library: CIL module
 0001:000796ef       ??__E__dummy_strstra@@YAXXZ 0047a6ef f    CIL library: CIL module
 0001:0007970c       ??__Esleepcmds@@YAXXZ      0047a70c f    CIL library: CIL module
 0001:0007972d       ??__E__dummy_addsleep@@YAXXZ 0047a72d f    CIL library: CIL module
 0001:0007974a       ??__E__dummy_clearsleep_@@YAXXZ 0047a74a f    CIL library: CIL module
 0001:00079767       ??__E__dummy_gameident@@YAXXZ 0047a767 f    CIL library: CIL module
 0001:00079784       ??__E__dummy_gamedefaultmap@@YAXXZ 0047a784 f    CIL library: CIL module
 0001:000797a1       ??__E__dummy_maptitle@@YAXXZ 0047a7a1 f    CIL library: CIL module
 0001:000797be       ??__E__dummy_gettime_@@YAXXZ 0047a7be f    CIL library: CIL module
 0001:000797db       ??__Ecenterblend@@YAXXZ    0047a7db f    CIL library: CIL module
 0001:000797fd       ??__Ecentertime@@YAXXZ     0047a7fd f    CIL library: CIL module
 0001:00079828       ??__Ecenterlines@@YAXXZ    0047a828 f    CIL library: CIL module
 0001:0007984a       ??__Econblend@@YAXXZ       0047a84a f    CIL library: CIL module
 0001:0007986c       ??__Econtime@@YAXXZ        0047a86c f    CIL library: CIL module
 0001:00079897       ??__Eicom_centerprint@@YAXXZ 0047a897 f    CIL library: CIL module
 0001:000798a8       ??__Econlines@@YAXXZ       0047a8a8 f    CIL library: CIL module
 0001:000798cc       ??__E__dummy_setconskip@@YAXXZ 0047a8cc f    CIL library: CIL module
 0001:000798e9       ??__E__dummy_toggleconsole@@YAXXZ 0047a8e9 f    CIL library: CIL module
 0001:00079906       ??__Econsize@@YAXXZ        0047a906 f    CIL library: CIL module
 0001:00079928       ??__Ekeyms@@YAXXZ          0047a928 f    CIL library: CIL module
 0001:0007994c       ??__E__dummy_keymap@@YAXXZ 0047a94c f    CIL library: CIL module
 0001:00079969       ??__E__dummy_bindnorm@@YAXXZ 0047a969 f    CIL library: CIL module
 0001:00079986       ??__E__dummy_bindedit@@YAXXZ 0047a986 f    CIL library: CIL module
 0001:000799a3       ??__E__dummy_getbind@@YAXXZ 0047a9a3 f    CIL library: CIL module
 0001:000799c0       ??__E__dummy_geteditbind@@YAXXZ 0047a9c0 f    CIL library: CIL module
 0001:000799dd       ??__E__dummy_saycommand@@YAXXZ 0047a9dd f    CIL library: CIL module
 0001:000799fa       ??__E__dummy_mapmsg@@YAXXZ 0047a9fa f    CIL library: CIL module
 0001:00079a17       ??__Evhistory@@YAXXZ       0047aa17 f    CIL library: CIL module
 0001:00079a38       ??__E__dummy_history@@YAXXZ 0047aa38 f    CIL library: CIL module
 0001:00079a55       ??__Ereleaseactions@@YAXXZ 0047aa55 f    CIL library: CIL module
 0001:00079a76       ??__E__dummy_onrelease@@YAXXZ 0047aa76 f    CIL library: CIL module
 0001:00079a93       ??__Ecompletefiles@@YAXXZ  0047aa93 f    CIL library: CIL module
 0001:00079ad4       ??__Ecompletions@@YAXXZ    0047aad4 f    CIL library: CIL module
 0001:00079b15       ??__E__dummy_addfilecomplete@@YAXXZ 0047ab15 f    CIL library: CIL module
 0001:00079b32       ??__E__dummy_addlistcomplete@@YAXXZ 0047ab32 f    CIL library: CIL module
 0001:00079b4f       ??__Escr_w@@YAXXZ          0047ab4f f    CIL library: CIL module
 0001:00079b7a       ??__Escr_h@@YAXXZ          0047ab7a f    CIL library: CIL module
 0001:00079ba5       ??__Ecolorbits@@YAXXZ      0047aba5 f    CIL library: CIL module
 0001:00079bc9       ??__Edepthbits@@YAXXZ      0047abc9 f    CIL library: CIL module
 0001:00079bed       ??__Estencilbits@@YAXXZ    0047abed f    CIL library: CIL module
 0001:00079c12       ??__Efsaa@@YAXXZ           0047ac12 f    CIL library: CIL module
 0001:00079c36       ??__Evsync@@YAXXZ          0047ac36 f    CIL library: CIL module
 0001:00079c5b       ??__E__dummy_screenshot@@YAXXZ 0047ac5b f    CIL library: CIL module
 0001:00079c78       ??__E__dummy_quit@@YAXXZ   0047ac78 f    CIL library: CIL module
 0001:00079c95       ??__Efullscreen@@YAXXZ     0047ac95 f    CIL library: CIL module
 0001:00079cb9       ??__E__dummy_screenres@@YAXXZ 0047acb9 f    CIL library: CIL module
 0001:00079cd6       ??__Egamma@@YAXXZ          0047acd6 f    CIL library: CIL module
 0001:00079cfe       ??__Egamespeed@@YAXXZ      0047acfe f    CIL library: CIL module
 0001:00079d26       ??__Epaused@@YAXXZ         0047ad26 f    CIL library: CIL module
 0001:00079d4a       ??__Emaxfps@@YAXXZ         0047ad4a f    CIL library: CIL module
 0001:00079d72       ??__Eclockerror@@YAXXZ     0047ad72 f    CIL library: CIL module
 0001:00079da0       ??__Eclockfix@@YAXXZ       0047ada0 f    CIL library: CIL module
 0001:00079dc5       ??__Ebloodfrontier@@YAXXZ  0047adc5 f    CIL library: CIL module
 0001:00079de7       ??__Eonline@@YAXXZ         0047ade7 f    CIL library: CIL module
 0001:00079e09       ??__Everbose@@YAXXZ        0047ae09 f    CIL library: CIL module
 0001:00079e2a       ??__Egrabmouse@@YAXXZ      0047ae2a f    CIL library: CIL module
 0001:00079e4f       ??__Eperfmin@@YAXXZ        0047ae4f f    CIL library: CIL module
 0001:00079e71       ??__Eperfmax@@YAXXZ        0047ae71 f    CIL library: CIL module
 0001:00079e93       ??__Eperffps@@YAXXZ        0047ae93 f    CIL library: CIL module
 0001:00079eb8       ??__Eperfrate@@YAXXZ       0047aeb8 f    CIL library: CIL module
 0001:00079ee0       ??__Eperflimit@@YAXXZ      0047aee0 f    CIL library: CIL module
 0001:00079f05       ??__Eperfall@@YAXXZ        0047af05 f    CIL library: CIL module
 0001:00079f26       ??__Eperf@@YAXXZ           0047af26 f    CIL library: CIL module
 0001:00079f4b       ??__Ecurfps@@YAXXZ         0047af4b f    CIL library: CIL module
 0001:00079f6c       ??__Ebestfps@@YAXXZ        0047af6c f    CIL library: CIL module
 0001:00079f8d       ??__Eworstfps@@YAXXZ       0047af8d f    CIL library: CIL module
 0001:00079fae       ??__Eguis@@YAXXZ           0047afae f    CIL library: CIL module
 0001:00079fef       ??__Eguistack@@YAXXZ       0047afef f    CIL library: CIL module
 0001:0007a010       ??__Eexecutelater@@YAXXZ   0047b010 f    CIL library: CIL module
 0001:0007a031       ??__Emenudistance@@YAXXZ   0047b031 f    CIL library: CIL module
 0001:0007a056       ??__Emenuautoclose@@YAXXZ  0047b056 f    CIL library: CIL module
 0001:0007a07b       ??__E__dummy_newgui@@YAXXZ 0047b07b f    CIL library: CIL module
 0001:0007a098       ??__E__dummy_guibutton@@YAXXZ 0047b098 f    CIL library: CIL module
 0001:0007a0b5       ??__E__dummy_guitext@@YAXXZ 0047b0b5 f    CIL library: CIL module
 0001:0007a0d2       ??__E__dummy_guiservers@@YAXXZ 0047b0d2 f    CIL library: CIL module
 0001:0007a0ef       ??__E__dummy_cleargui_@@YAXXZ 0047b0ef f    CIL library: CIL module
 0001:0007a10c       ??__E__dummy_showgui@@YAXXZ 0047b10c f    CIL library: CIL module
 0001:0007a129       ??__E__dummy_guilist@@YAXXZ 0047b129 f    CIL library: CIL module
 0001:0007a146       ??__E__dummy_guititle@@YAXXZ 0047b146 f    CIL library: CIL module
 0001:0007a163       ??__E__dummy_guibar@@YAXXZ 0047b163 f    CIL library: CIL module
 0001:0007a180       ??__E__dummy_guiimage@@YAXXZ 0047b180 f    CIL library: CIL module
 0001:0007a19d       ??__E__dummy_guislider@@YAXXZ 0047b19d f    CIL library: CIL module
 0001:0007a1ba       ??__E__dummy_guilistslider@@YAXXZ 0047b1ba f    CIL library: CIL module
 0001:0007a1d7       ??__E__dummy_guiradio@@YAXXZ 0047b1d7 f    CIL library: CIL module
 0001:0007a1f4       ??__E__dummy_guicheckbox@@YAXXZ 0047b1f4 f    CIL library: CIL module
 0001:0007a211       ??__E__dummy_guitab@@YAXXZ 0047b211 f    CIL library: CIL module
 0001:0007a22e       ??__E__dummy_guifield@@YAXXZ 0047b22e f    CIL library: CIL module
 0001:0007a24b       ??__Emmcb@@YAXXZ           0047b24b f    CIL library: CIL module
 0001:0007a27e       ??__Esoundlocs@@YAXXZ      0047b27e f    CIL library: CIL module
 0001:0007a2a2       ??__Esoundvol@@YAXXZ       0047b2a2 f    CIL library: CIL module
 0001:0007a2c7       ??__Emusicvol@@YAXXZ       0047b2c7 f    CIL library: CIL module
 0001:0007a2f2       ??__Esoundchans@@YAXXZ     0047b2f2 f    CIL library: CIL module
 0001:0007a31a       ??__Esoundfreq@@YAXXZ      0047b31a f    CIL library: CIL module
 0001:0007a345       ??__Esoundbufferlen@@YAXXZ 0047b345 f    CIL library: CIL module
 0001:0007a373       ??__E__dummy_music@@YAXXZ  0047b373 f    CIL library: CIL module
 0001:0007a390       ??__Esamples@@YAXXZ        0047b390 f    CIL library: CIL module
 0001:0007a3d1       ??__Egamesounds@@YAXXZ     0047b3d1 f    CIL library: CIL module
 0001:0007a3f5       ??__Emapsounds@@YAXXZ      0047b3f5 f    CIL library: CIL module
 0001:0007a419       ??__E__dummy_registersound@@YAXXZ 0047b419 f    CIL library: CIL module
 0001:0007a436       ??__E__dummy_mapsound@@YAXXZ 0047b436 f    CIL library: CIL module
 0001:0007a453       ??__Estereo@@YAXXZ         0047b453 f    CIL library: CIL module
 0001:0007a474       ??__E__dummy_sound@@YAXXZ  0047b474 f    CIL library: CIL module
 0001:0007a491       ??__Epackagedirs@@YAXXZ    0047b491 f    CIL library: CIL module
 0001:0007a4b2       ??__Egameid@@YAXXZ         0047b4b2 f    CIL library: CIL module
 0001:0007a4d3       ??__Ebotrate@@YAXXZ        0047b4d3 f    CIL library: CIL module
 0001:0007a4f5       ??__Ebotauto@@YAXXZ        0047b4f5 f    CIL library: CIL module
 0001:0007a516       ??__Ebotdrop@@YAXXZ        0047b516 f    CIL library: CIL module
 0001:0007a536       ??__Ebotnum@@YAXXZ         0047b536 f    CIL library: CIL module
 0001:0007a559       ??__Ebotwaydist@@YAXXZ     0047b559 f    CIL library: CIL module
 0001:0007a57a       ??__Ebotwaynear@@YAXXZ     0047b57a f    CIL library: CIL module
 0001:0007a59b       ??__Ereg_fpsgame@@YAXXZ    0047b59b f    CIL library: CIL module
 0001:0007a5d3       ??__Ejoyshowevents@@YAXXZ  0047b5d3 f    CIL library: CIL module
 0001:0007a5f3       ??__Ejoysticks@@YAXXZ      0047b5f3 f    CIL library: CIL module
 0001:0007a614       ??__E__dummy_swapjoy@@YAXXZ 0047b614 f    CIL library: CIL module
 0001:0007a631       ??__Flightmaps@@YAXXZ      0047b631 f    CIL library: CIL module
 0001:0007a643       ??__Flights2@@YAXXZ        0047b643 f    CIL library: CIL module
 0001:0007a661       ??__Flights1@@YAXXZ        0047b661 f    CIL library: CIL module
 0001:0007a67f       ??__Fcompressed@@YAXXZ     0047b67f f    CIL library: CIL module
 0001:0007a697       ??__Flightcache@@YAXXZ     0047b697 f    CIL library: CIL module
 0001:0007a6ae       ??__Flmtexids@@YAXXZ       0047b6ae f    CIL library: CIL module
 0001:0007a6cc       ??__Fnormals@@YAXXZ        0047b6cc f    CIL library: CIL module
 0001:0007a6e4       ??__Fcfaces@@YAXXZ         0047b6e4 f    CIL library: CIL module
 0001:0007a6fc       ??__Ficom_havesel@@YAXXZ   0047b6fc f    CIL library: CIL module
 0001:0007a721       ??__Fundos@@YAXXZ          0047b721 f    CIL library: CIL module
 0001:0007a73f       ??__Fredos@@YAXXZ          0047b73f f    CIL library: CIL module
 0001:0007a75d       ??__Ficom_addhtex@@YAXXZ   0047b75d f    CIL library: CIL module
 0001:0007a782       ??__Ficom_hmapcancel@@YAXXZ 0047b782 f    CIL library: CIL module
 0001:0007a7a7       ??__Ftexmru@@YAXXZ         0047b7a7 f    CIL library: CIL module
 0001:0007a7c5       ??__Fgui@@YAXXZ            0047b7c5 f    CIL library: CIL module
 0001:0007a7ea       ??__Fverts@@YAXXZ          0047b7ea f    CIL library: CIL module
 0001:0007a808       ??__Fgrasstris@@YAXXZ      0047b808 f    CIL library: CIL module
 0001:0007a826       ??__Fvbos@@YAXXZ           0047b826 f    CIL library: CIL module
 0001:0007a83e       ??__Fvbodata@@YAXXZ        0047b83e f    CIL library: CIL module
 0001:0007a852       ??__Fvbovas@@YAXXZ         0047b852 f    CIL library: CIL module
 0001:0007a866       ??__Fvh@@YAXXZ             0047b866 f    CIL library: CIL module
 0001:0007a88b       ??__Fl1@@YAXXZ             0047b88b f    CIL library: CIL module
 0001:0007a896       ??__Fl0@@YAXXZ             0047b896 f    CIL library: CIL module
 0001:0007a8a1       ??__Fskyfaces@@YAXXZ       0047b8a1 f    CIL library: CIL module
 0001:0007a8b5       ??__Fvaroot@@YAXXZ         0047b8b5 f    CIL library: CIL module
 0001:0007a8d3       ??__Fvalist@@YAXXZ         0047b8d3 f    CIL library: CIL module
 0001:0007a8f1       ??__Fvamms@@YAXXZ          0047b8f1 f    CIL library: CIL module
 0001:0007a90f       ??__Fvamerges@@YAXXZ       0047b90f f    CIL library: CIL module
 0001:0007a923       ??__Fdynentcache@@YAXXZ    0047b923 f    CIL library: CIL module
 0001:0007a93a       ??__Ficom_backward@@YAXXZ  0047b93a f    CIL library: CIL module
 0001:0007a95f       ??__Ficom_forward@@YAXXZ   0047b95f f    CIL library: CIL module
 0001:0007a984       ??__Ficom_left@@YAXXZ      0047b984 f    CIL library: CIL module
 0001:0007a9a9       ??__Ficom_right@@YAXXZ     0047b9a9 f    CIL library: CIL module
 0001:0007a9ce       ??__Ficom_jump@@YAXXZ      0047b9ce f    CIL library: CIL module
 0001:0007a9f3       ??__Ficom_attack@@YAXXZ    0047b9f3 f    CIL library: CIL module
 0001:0007aa18       ??__Fentgroup@@YAXXZ       0047ba18 f    CIL library: CIL module
 0001:0007aa36       ??__Fentcopybuf@@YAXXZ     0047ba36 f    CIL library: CIL module
 0001:0007aa54       ??__Ficom_enthavesel@@YAXXZ 0047ba54 f    CIL library: CIL module
 0001:0007aa79       ??__Ficom_entselect@@YAXXZ 0047ba79 f    CIL library: CIL module
 0001:0007aa9e       ??__Ficom_entloop@@YAXXZ   0047ba9e f    CIL library: CIL module
 0001:0007aac3       ??__Ficom_insel@@YAXXZ     0047bac3 f    CIL library: CIL module
 0001:0007aae8       ??__Ficom_entget@@YAXXZ    0047bae8 f    CIL library: CIL module
 0001:0007ab0d       ??__Fbots@@YAXXZ           0047bb0d f    CIL library: CIL module
 0001:0007ab2b       ??__Fgameargs@@YAXXZ       0047bb2b f    CIL library: CIL module
 0001:0007ab49       ??__Fclients@@YAXXZ        0047bb49 f    CIL library: CIL module
 0001:0007ab67       ??__Fresolverthreads@@YAXXZ 0047bb67 f    CIL library: CIL module
 0001:0007ab85       ??__Fresolverqueries@@YAXXZ 0047bb85 f    CIL library: CIL module
 0001:0007aba3       ??__Fresolverresults@@YAXXZ 0047bba3 f    CIL library: CIL module
 0001:0007abc1       ??__Fservers@@YAXXZ        0047bbc1 f    CIL library: CIL module
 0001:0007abd3       ??__F?lists@gui@@2U?$vector@Ulist@gui@@@@A@@YAXXZ 0047bbd3 f    CIL library: CIL module
 0001:0007abf1       ??__Fguis@@YAXXZ           0047bbf1 f    CIL library: CIL module
 0001:0007ac03       ??__Fstack@?BF@??traverse@BIH@@QAE_NABUvec@@0MAAMH@Z@YAXXZ 0047bc03 f    CIL library: CIL module
 0001:0007ac21       ??__Fstack@?3??collide@BIH@@QAE_NABUvec@@00MAAU2@@Z@YAXXZ 0047bc21 f    CIL library: CIL module
 0001:0007ac57       ??__Fmapmodels@@YAXXZ      0047bc57 f    CIL library: CIL module
 0001:0007ac75       ??__Fmdllookup@@YAXXZ      0047bc75 f    CIL library: CIL module
 0001:0007ac8d       ??__Fbatches@@YAXXZ        0047bc8d f    CIL library: CIL module
 0001:0007acab       ??__Fmodelattached@@YAXXZ  0047bcab f    CIL library: CIL module
 0001:0007acc9       ??__Ffonts@@YAXXZ          0047bcc9 f    CIL library: CIL module
 0001:0007ace1       ??__Ffontstack@@YAXXZ      0047bce1 f    CIL library: CIL module
 0001:0007ad13       ??__Frenderedmms@@YAXXZ    0047bd13 f    CIL library: CIL module
 0001:0007ad31       ??__Fdynlights@@YAXXZ      0047bd31 f    CIL library: CIL module
 0001:0007ad4f       ??__Fvisibledynlights@@YAXXZ 0047bd4f f    CIL library: CIL module
 0001:0007ad6d       ??__Fclosedynlights@@YAXXZ 0047bd6d f    CIL library: CIL module
 0001:0007ad8b       ??__Fshaders@@YAXXZ        0047bd8b f    CIL library: CIL module
 0001:0007ada3       ??__Fcurparams@@YAXXZ      0047bda3 f    CIL library: CIL module
 0001:0007adc1       ??__Ftextures@@YAXXZ       0047bdc1 f    CIL library: CIL module
 0001:0007add9       ??__Fslots@@YAXXZ          0047bdd9 f    CIL library: CIL module
 0001:0007adeb       ??__Fmaterialslots@@YAXXZ  0047bdeb f    CIL library: CIL module
 0001:0007adff       ??__Fdummyslot@?1??lookuptexture@@YAAAUSlot@@H_N@Z@YAXXZ 0047bdff f    CIL library: CIL module
 0001:0007ae09       ??__Fenvmaps@@YAXXZ        0047be09 f    CIL library: CIL module
 0001:0007ae27       ??__Freflections@@YAXXZ    0047be27 f    CIL library: CIL module
 0001:0007ae3b       ??__Fwordbufs@@YAXXZ       0047be3b f    CIL library: CIL module
 0001:0007ae59       ??__Ficom_if@@YAXXZ        0047be59 f    CIL library: CIL module
 0001:0007ae7e       ??__Ficom_loop@@YAXXZ      0047be7e f    CIL library: CIL module
 0001:0007aea3       ??__Ficom_while@@YAXXZ     0047bea3 f    CIL library: CIL module
 0001:0007aec8       ??__Ficom_echo@@YAXXZ      0047bec8 f    CIL library: CIL module
 0001:0007aeed       ??__Fsleepcmds@@YAXXZ      0047beed f    CIL library: CIL module
 0001:0007af0b       ??__Ficom_centerprint@@YAXXZ 0047bf0b f    CIL library: CIL module
 0001:0007af30       ??__Fconlines@@YAXXZ       0047bf30 f    CIL library: CIL module
 0001:0007af44       ??__Fkeyms@@YAXXZ          0047bf44 f    CIL library: CIL module
 0001:0007af56       ??__Fvhistory@@YAXXZ       0047bf56 f    CIL library: CIL module
 0001:0007af74       ??__Freleaseactions@@YAXXZ 0047bf74 f    CIL library: CIL module
 0001:0007af92       ??__Fcompletefiles@@YAXXZ  0047bf92 f    CIL library: CIL module
 0001:0007afaa       ??__Fcompletions@@YAXXZ    0047bfaa f    CIL library: CIL module
 0001:0007afc2       ??__Fguis@@YAXXZ           0047bfc2 f    CIL library: CIL module
 0001:0007afda       ??__Fguistack@@YAXXZ       0047bfda f    CIL library: CIL module
 0001:0007aff8       ??__Fexecutelater@@YAXXZ   0047bff8 f    CIL library: CIL module
 0001:0007b016       ??__Fmmcb@@YAXXZ           0047c016 f    CIL library: CIL module
 0001:0007b03b       ??__Fsoundlocs@@YAXXZ      0047c03b f    CIL library: CIL module
 0001:0007b059       ??__Fsamples@@YAXXZ        0047c059 f    CIL library: CIL module
 0001:0007b071       ??__Fmapsounds@@YAXXZ      0047c071 f    CIL library: CIL module
 0001:0007b08f       ??__Fgamesounds@@YAXXZ     0047c08f f    CIL library: CIL module
 0001:0007b0ad       ??__Fpackagedirs@@YAXXZ    0047c0ad f    CIL library: CIL module
 0001:0007b102       ??__Freg_fpsgame@@YAXXZ    0047c102 f    CIL library: CIL module
 0001:0007b127       ??__Fjoysticks@@YAXXZ      0047c127 f    CIL library: CIL module
